###############################################################################
#
# IAR ELF Linker V8.11.2.13589/W32 for ARM                25/Nov/2017  22:17:51
# Copyright 2007-2017 IAR Systems AB.
#
#    Output file  =  
#        D:\development\st\stm32\src_code\FatFs_W25Q32\w25q32\EWARM\w25q32\Exe\w25q32.out
#    Map file     =  
#        D:\development\st\stm32\src_code\FatFs_W25Q32\w25q32\EWARM\w25q32\List\w25q32.map
#    Command line =  
#        -f C:\Users\wkxbo\AppData\Local\Temp\EWCAA.tmp
#        (D:\development\st\stm32\src_code\FatFs_W25Q32\w25q32\EWARM\w25q32\Obj\adc.o
#        D:\development\st\stm32\src_code\FatFs_W25Q32\w25q32\EWARM\w25q32\Obj\app_error.o
#        D:\development\st\stm32\src_code\FatFs_W25Q32\w25q32\EWARM\w25q32\Obj\app_log.o
#        D:\development\st\stm32\src_code\FatFs_W25Q32\w25q32\EWARM\w25q32\Obj\cmsis_os.o
#        D:\development\st\stm32\src_code\FatFs_W25Q32\w25q32\EWARM\w25q32\Obj\croutine.o
#        D:\development\st\stm32\src_code\FatFs_W25Q32\w25q32\EWARM\w25q32\Obj\diskio.o
#        D:\development\st\stm32\src_code\FatFs_W25Q32\w25q32\EWARM\w25q32\Obj\event_groups.o
#        D:\development\st\stm32\src_code\FatFs_W25Q32\w25q32\EWARM\w25q32\Obj\fatfs.o
#        D:\development\st\stm32\src_code\FatFs_W25Q32\w25q32\EWARM\w25q32\Obj\ff.o
#        D:\development\st\stm32\src_code\FatFs_W25Q32\w25q32\EWARM\w25q32\Obj\ff_gen_drv.o
#        D:\development\st\stm32\src_code\FatFs_W25Q32\w25q32\EWARM\w25q32\Obj\FLASH_W25QXX.o
#        D:\development\st\stm32\src_code\FatFs_W25Q32\w25q32\EWARM\w25q32\Obj\freertos.o
#        D:\development\st\stm32\src_code\FatFs_W25Q32\w25q32\EWARM\w25q32\Obj\gpio.o
#        D:\development\st\stm32\src_code\FatFs_W25Q32\w25q32\EWARM\w25q32\Obj\heap_4.o
#        D:\development\st\stm32\src_code\FatFs_W25Q32\w25q32\EWARM\w25q32\Obj\list.o
#        D:\development\st\stm32\src_code\FatFs_W25Q32\w25q32\EWARM\w25q32\Obj\main.o
#        D:\development\st\stm32\src_code\FatFs_W25Q32\w25q32\EWARM\w25q32\Obj\port.o
#        D:\development\st\stm32\src_code\FatFs_W25Q32\w25q32\EWARM\w25q32\Obj\portasm.o
#        D:\development\st\stm32\src_code\FatFs_W25Q32\w25q32\EWARM\w25q32\Obj\queue.o
#        D:\development\st\stm32\src_code\FatFs_W25Q32\w25q32\EWARM\w25q32\Obj\rtc.o
#        D:\development\st\stm32\src_code\FatFs_W25Q32\w25q32\EWARM\w25q32\Obj\RTT_Syscalls_IAR.o
#        D:\development\st\stm32\src_code\FatFs_W25Q32\w25q32\EWARM\w25q32\Obj\SEGGER_RTT.o
#        D:\development\st\stm32\src_code\FatFs_W25Q32\w25q32\EWARM\w25q32\Obj\SEGGER_RTT_printf.o
#        D:\development\st\stm32\src_code\FatFs_W25Q32\w25q32\EWARM\w25q32\Obj\spi.o
#        D:\development\st\stm32\src_code\FatFs_W25Q32\w25q32\EWARM\w25q32\Obj\startup_stm32f103xb.o
#        D:\development\st\stm32\src_code\FatFs_W25Q32\w25q32\EWARM\w25q32\Obj\stm32_mini_board.o
#        D:\development\st\stm32\src_code\FatFs_W25Q32\w25q32\EWARM\w25q32\Obj\stm32f1xx_hal.o
#        D:\development\st\stm32\src_code\FatFs_W25Q32\w25q32\EWARM\w25q32\Obj\stm32f1xx_hal_adc.o
#        D:\development\st\stm32\src_code\FatFs_W25Q32\w25q32\EWARM\w25q32\Obj\stm32f1xx_hal_adc_ex.o
#        D:\development\st\stm32\src_code\FatFs_W25Q32\w25q32\EWARM\w25q32\Obj\stm32f1xx_hal_cortex.o
#        D:\development\st\stm32\src_code\FatFs_W25Q32\w25q32\EWARM\w25q32\Obj\stm32f1xx_hal_dma.o
#        D:\development\st\stm32\src_code\FatFs_W25Q32\w25q32\EWARM\w25q32\Obj\stm32f1xx_hal_flash.o
#        D:\development\st\stm32\src_code\FatFs_W25Q32\w25q32\EWARM\w25q32\Obj\stm32f1xx_hal_flash_ex.o
#        D:\development\st\stm32\src_code\FatFs_W25Q32\w25q32\EWARM\w25q32\Obj\stm32f1xx_hal_gpio.o
#        D:\development\st\stm32\src_code\FatFs_W25Q32\w25q32\EWARM\w25q32\Obj\stm32f1xx_hal_gpio_ex.o
#        D:\development\st\stm32\src_code\FatFs_W25Q32\w25q32\EWARM\w25q32\Obj\stm32f1xx_hal_msp.o
#        D:\development\st\stm32\src_code\FatFs_W25Q32\w25q32\EWARM\w25q32\Obj\stm32f1xx_hal_pwr.o
#        D:\development\st\stm32\src_code\FatFs_W25Q32\w25q32\EWARM\w25q32\Obj\stm32f1xx_hal_rcc.o
#        D:\development\st\stm32\src_code\FatFs_W25Q32\w25q32\EWARM\w25q32\Obj\stm32f1xx_hal_rcc_ex.o
#        D:\development\st\stm32\src_code\FatFs_W25Q32\w25q32\EWARM\w25q32\Obj\stm32f1xx_hal_rtc.o
#        D:\development\st\stm32\src_code\FatFs_W25Q32\w25q32\EWARM\w25q32\Obj\stm32f1xx_hal_rtc_ex.o
#        D:\development\st\stm32\src_code\FatFs_W25Q32\w25q32\EWARM\w25q32\Obj\stm32f1xx_hal_spi.o
#        D:\development\st\stm32\src_code\FatFs_W25Q32\w25q32\EWARM\w25q32\Obj\stm32f1xx_hal_spi_ex.o
#        D:\development\st\stm32\src_code\FatFs_W25Q32\w25q32\EWARM\w25q32\Obj\stm32f1xx_hal_tim.o
#        D:\development\st\stm32\src_code\FatFs_W25Q32\w25q32\EWARM\w25q32\Obj\stm32f1xx_hal_tim_ex.o
#        D:\development\st\stm32\src_code\FatFs_W25Q32\w25q32\EWARM\w25q32\Obj\stm32f1xx_hal_uart.o
#        D:\development\st\stm32\src_code\FatFs_W25Q32\w25q32\EWARM\w25q32\Obj\stm32f1xx_it.o
#        D:\development\st\stm32\src_code\FatFs_W25Q32\w25q32\EWARM\w25q32\Obj\syscall.o
#        D:\development\st\stm32\src_code\FatFs_W25Q32\w25q32\EWARM\w25q32\Obj\system_stm32f1xx.o
#        D:\development\st\stm32\src_code\FatFs_W25Q32\w25q32\EWARM\w25q32\Obj\tasks.o
#        D:\development\st\stm32\src_code\FatFs_W25Q32\w25q32\EWARM\w25q32\Obj\timers.o
#        D:\development\st\stm32\src_code\FatFs_W25Q32\w25q32\EWARM\w25q32\Obj\usart.o
#        D:\development\st\stm32\src_code\FatFs_W25Q32\w25q32\EWARM\w25q32\Obj\user_diskio.o
#        --redirect _Printf=_PrintfFull --redirect _Scanf=_ScanfFull -o
#        D:\development\st\stm32\src_code\FatFs_W25Q32\w25q32\EWARM\w25q32\Exe\w25q32.out
#        --map
#        D:\development\st\stm32\src_code\FatFs_W25Q32\w25q32\EWARM\w25q32\List\w25q32.map
#        --config
#        D:\development\st\stm32\src_code\FatFs_W25Q32\w25q32\EWARM/stm32f103xb_flash.icf
#        --semihosting --entry __iar_program_start --vfe --text_out locale)
#
###############################################################################

*******************************************************************************
*** RUNTIME MODEL ATTRIBUTES
***

CppFlavor       = *
__SystemLibrary = DLib
__dlib_version  = 6


*******************************************************************************
*** HEAP SELECTION
***

The basic heap was selected because no calls to memory allocation
functions were found in the application outside of system library
functions, and there are calls to deallocation functions in the
application.


*******************************************************************************
*** PLACEMENT SUMMARY
***

"A0":  place at 0x08000000 { ro section .intvec };
"P1":  place in [from 0x08000000 to 0x0801ffff] { ro };
define block CSTACK with size = 512, alignment = 8 { };
define block HEAP with size = 0M, alignment = 8 { };
"P2":  place in [from 0x20000000 to 0x20004fff] {
          rw, block CSTACK, block HEAP };
initialize by copy { rw };

  Section            Kind        Address    Size  Object
  -------            ----        -------    ----  ------
"A0":                                       0xec
  .intvec            ro code  0x08000000    0xec  startup_stm32f103xb.o [1]
                            - 0x080000ec    0xec

"P1":                                     0x6e34
  .text              ro code  0x080000ec   0xf86  ff.o [1]
  .text              ro code  0x08001072    0x7a  lz77_init_single.o [5]
  .text              ro code  0x080010ec    0x66  ABImemset.o [5]
  .text              ro code  0x08001152    0x1e  xencoding_8859_1.o [3]
  .text              ro code  0x08001170    0x44  syscall.o [1]
  .text              ro code  0x080011b4    0x74  diskio.o [1]
  .text              ro code  0x08001228   0x198  cmsis_os.o [1]
  .text              ro code  0x080013c0   0x774  tasks.o [1]
  .text              ro code  0x08001b34   0x5b8  queue.o [1]
  .text              ro code  0x080020ec   0x1a4  port.o [1]
  .text              ro code  0x08002290   0x1b4  heap_4.o [1]
  .text              ro code  0x08002444    0x8e  list.o [1]
  .text              ro code  0x080024d2     0xa  xsprout.o [3]
  .text              ro code  0x080024dc    0xa6  ABImemcpy.o [5]
  CODE               ro code  0x08002584    0x88  portasm.o [1]
  .text              ro code  0x0800260c   0xf72  xprintffull.o [3]
  .text              ro code  0x08003580    0x74  xlocale_c.o [3]
  .text              ro code  0x080035f4    0x16  strchr.o [5]
  .text              ro code  0x0800360c    0x44  xfail_s.o [3]
  .text              ro code  0x08003650    0x36  strlen.o [5]
  .text              ro code  0x08003688    0x58  memchr.o [5]
  .text              ro code  0x080036e0     0xa  xmbcurmax.o [3]
  .text              ro code  0x080036ec    0xee  I64DivMod.o [5]
  .text              ro code  0x080037dc   0x1a2  DblMul.o [4]
  .text              ro code  0x08003980    0x70  frexp.o [4]
  .text              ro code  0x080039f0    0x2e  DblCmpLe.o [4]
  .text              ro code  0x08003a20    0x2e  DblCmpGe.o [4]
  .text              ro code  0x08003a50   0x13a  ldexp.o [4]
  .text              ro code  0x08003b8c    0x3a  DblToS32.o [4]
  .text              ro code  0x08003bc8    0x22  S32ToDbl.o [4]
  .text              ro code  0x08003bec    0xe2  DblSub.o [4]
  .text              ro code  0x08003cd0   0x246  DblDiv.o [4]
  .text              ro code  0x08003f18    0x28  DblToU32.o [4]
  .text              ro code  0x08003f40    0x1a  U32ToDbl.o [4]
  .text              ro code  0x08003f5a     0x6  abort.o [3]
  .text              ro code  0x08003f60     0x2  I64DivZer.o [5]
  .text              ro code  0x08003f64   0x168  DblAdd.o [4]
  .text              ro code  0x080040cc    0x14  exit.o [6]
  .text              ro code  0x080040e0   0x53c  freertos.o [1]
  .text              ro code  0x0800461c    0x18  fatfs.o [1]
  .text              ro code  0x08004634   0x1e8  FLASH_W25QXX.o [1]
  .text              ro code  0x0800481c    0xd8  main.o [1]
  .text              ro code  0x080048f4   0x25c  SEGGER_RTT.o [1]
  .text              ro code  0x08004b50   0x374  SEGGER_RTT_printf.o [1]
  .text              ro code  0x08004ec4    0x40  sprintf.o [3]
  .text              ro code  0x08004f04    0x44  ff_gen_drv.o [1]
  .text              ro code  0x08004f48    0xa8  stm32_mini_board.o [1]
  .text              ro code  0x08004ff0    0x24  stm32f1xx_hal.o [1]
  .text              ro code  0x08005014    0x68  gpio.o [1]
  .text              ro code  0x0800507c    0xe8  adc.o [1]
  .text              ro code  0x08005164   0x10c  rtc.o [1]
  .text              ro code  0x08005270    0xe4  spi.o [1]
  .text              ro code  0x08005354    0xec  usart.o [1]
  .text              ro code  0x08005440   0x4de  stm32f1xx_hal_rcc.o [1]
  .text              ro code  0x08005920   0x1b2  stm32f1xx_hal_rcc_ex.o [1]
  .text              ro code  0x08005ad4    0xe0  stm32f1xx_hal_cortex.o [1]
  .text              ro code  0x08005bb4   0x296  stm32f1xx_hal_spi.o [1]
  .text              ro code  0x08005e4c   0x1c0  stm32f1xx_hal_gpio.o [1]
  .text              ro code  0x0800600c    0x28  stm32f1xx_hal.o [1]
  .text              ro code  0x08006034    0x9c  stm32f1xx_hal_msp.o [1]
  .text              ro code  0x080060d0   0x33c  stm32f1xx_hal_adc.o [1]
  .text              ro code  0x0800640c   0x36e  stm32f1xx_hal_rtc.o [1]
  .text              ro code  0x0800677c    0x1c  stm32f1xx_hal_rtc_ex.o [1]
  .text              ro code  0x08006798    0x10  stm32f1xx_hal_pwr.o [1]
  .text              ro code  0x080067a8    0x82  stm32f1xx_hal_spi_ex.o [1]
  .text              ro code  0x0800682c   0x380  stm32f1xx_hal_uart.o [1]
  .text              ro code  0x08006bac     0xc  stm32f1xx_hal.o [1]
  .text              ro code  0x08006bb8     0x2  stm32f1xx_hal_adc.o [1]
  .text              ro code  0x08006bbc     0x2  stm32f1xx_hal_adc_ex.o [1]
  .text              ro code  0x08006bbe     0x2  stm32f1xx_hal_adc.o [1]
  .text              ro code  0x08006bc0    0xb8  stm32f1xx_hal_dma.o [1]
  .text              ro code  0x08006c78     0x2  stm32f1xx_hal_uart.o [1]
  .text              ro code  0x08006c7a     0x2  stm32f1xx_hal_uart.o [1]
  .text              ro code  0x08006c7c     0x2  stm32f1xx_hal_uart.o [1]
  .text              ro code  0x08006c80    0x5c  system_stm32f1xx.o [1]
  .text              ro code  0x08006cdc    0x40  zero_init3.o [5]
  .text              ro code  0x08006d1c    0x30  stm32f1xx_it.o [1]
  .text              ro code  0x08006d4c    0x10  stm32f1xx_hal.o [1]
  .text              ro code  0x08006d5c    0x2c  user_diskio.o [1]
  .text              ro code  0x08006d88    0x28  data_init.o [5]
  .iar.init_table    const    0x08006db0    0x20  - Linker created -
  .text              ro code  0x08006dd0    0x1a  cmain.o [5]
  .text              ro code  0x08006dea     0x4  low_level_init.o [3]
  .text              ro code  0x08006dee     0x4  exit.o [3]
  .text              ro code  0x08006df4     0xa  cexit.o [5]
  .text              ro code  0x08006e00    0x10  startup_stm32f103xb.o [1]
  .rodata            const    0x08006e10     0xc  freertos.o [1]
  .text              ro code  0x08006e1c     0xc  cstartup_M.o [5]
  .rodata            const    0x08006e28     0x8  system_stm32f1xx.o [1]
  .rodata            const    0x08006e30     0x6  xlocale_c.o [3]
  .text              ro code  0x08006e36     0x4  startup_stm32f103xb.o [1]
  .text              ro code  0x08006e3a     0x4  startup_stm32f103xb.o [1]
  .text              ro code  0x08006e3e     0x4  startup_stm32f103xb.o [1]
  .text              ro code  0x08006e42     0x4  startup_stm32f103xb.o [1]
  .text              ro code  0x08006e46     0x4  startup_stm32f103xb.o [1]
  .text              ro code  0x08006e4a     0x4  startup_stm32f103xb.o [1]
  .text              ro code  0x08006e4e     0x4  startup_stm32f103xb.o [1]
  .text              ro code  0x08006e52     0x4  startup_stm32f103xb.o [1]
  .text              ro code  0x08006e56     0x4  startup_stm32f103xb.o [1]
  .text              ro code  0x08006e5a     0x4  startup_stm32f103xb.o [1]
  .text              ro code  0x08006e5e     0x4  startup_stm32f103xb.o [1]
  .text              ro code  0x08006e62     0x4  startup_stm32f103xb.o [1]
  .text              ro code  0x08006e66     0x4  startup_stm32f103xb.o [1]
  .text              ro code  0x08006e6a     0x4  startup_stm32f103xb.o [1]
  .text              ro code  0x08006e6e     0x4  startup_stm32f103xb.o [1]
  .text              ro code  0x08006e72     0x4  startup_stm32f103xb.o [1]
  .text              ro code  0x08006e76     0x4  startup_stm32f103xb.o [1]
  .text              ro code  0x08006e7a     0x4  startup_stm32f103xb.o [1]
  .text              ro code  0x08006e7e     0x4  startup_stm32f103xb.o [1]
  .text              ro code  0x08006e82     0x4  startup_stm32f103xb.o [1]
  .text              ro code  0x08006e86     0x4  startup_stm32f103xb.o [1]
  .text              ro code  0x08006e8a     0x4  startup_stm32f103xb.o [1]
  .text              ro code  0x08006e8e     0x4  startup_stm32f103xb.o [1]
  .text              ro code  0x08006e92     0x4  startup_stm32f103xb.o [1]
  .text              ro code  0x08006e96     0x4  startup_stm32f103xb.o [1]
  .text              ro code  0x08006e9a     0x4  startup_stm32f103xb.o [1]
  .text              ro code  0x08006e9e     0x4  startup_stm32f103xb.o [1]
  .text              ro code  0x08006ea2     0x4  startup_stm32f103xb.o [1]
  .text              ro code  0x08006ea6     0x4  startup_stm32f103xb.o [1]
  .text              ro code  0x08006eaa     0x4  startup_stm32f103xb.o [1]
  .text              ro code  0x08006eae     0x4  startup_stm32f103xb.o [1]
  .text              ro code  0x08006eb2     0x4  startup_stm32f103xb.o [1]
  .text              ro code  0x08006eb6     0x4  startup_stm32f103xb.o [1]
  .text              ro code  0x08006eba     0x4  startup_stm32f103xb.o [1]
  .text              ro code  0x08006ebe     0x4  startup_stm32f103xb.o [1]
  .text              ro code  0x08006ec2     0x4  startup_stm32f103xb.o [1]
  .text              ro code  0x08006ec6     0x4  startup_stm32f103xb.o [1]
  .text              ro code  0x08006eca     0x4  startup_stm32f103xb.o [1]
  .text              ro code  0x08006ece     0x4  startup_stm32f103xb.o [1]
  .text              ro code  0x08006ed2     0x4  startup_stm32f103xb.o [1]
  .rodata            const    0x08006ed6     0x0  zero_init3.o [5]
  .rodata            const    0x08006ed6     0x0  lz77_init_single.o [5]
  Initializer bytes  const    0x08006ed6    0x4a  <for P2-1>
                            - 0x08006f20  0x6e34

"P2", part 1 of 3:                          0xa5
  P2-1                        0x20000000    0xa5  <Init block>
    .data            inited   0x20000000     0xc  port.o [1]
    .data            inited   0x2000000c     0x4  system_stm32f1xx.o [1]
    .data            inited   0x20000010    0x14  user_diskio.o [1]
    .data            inited   0x20000024    0x38  xlocale_c.o [3]
    .data            inited   0x2000005c    0x48  xlocale_c.o [3]
    .data            inited   0x200000a4     0x1  user_diskio.o [1]
                            - 0x200000a5    0xa5

"P2", part 2 of 3:                        0x4740
  .bss               zero     0x200000a8  0x1fb8  heap_4.o [1]
  .bss               zero     0x20002060  0x1034  fatfs.o [1]
  .bss               zero     0x20003094  0x102c  fatfs.o [1]
  .bss               zero     0x200040c0   0x488  SEGGER_RTT.o [1]
  .bss               zero     0x20004548    0xa0  tasks.o [1]
  .bss               zero     0x200045e8    0x8c  tasks.o [1]
  .bss               zero     0x20004674    0x58  spi.o [1]
  .bss               zero     0x200046cc    0x40  queue.o [1]
  .bss               zero     0x2000470c    0x40  usart.o [1]
  .bss               zero     0x2000474c    0x30  adc.o [1]
  .bss               zero     0x2000477c    0x18  ff.o [1]
  .bss               zero     0x20004794    0x18  freertos.o [1]
  .bss               zero     0x200047ac    0x14  rtc.o [1]
  .bss               zero     0x200047c0     0xc  ff_gen_drv.o [1]
  .bss               zero     0x200047cc     0x8  fatfs.o [1]
  .bss               zero     0x200047d4     0x8  ff.o [1]
  .bss               zero     0x200047dc     0x4  freertos.o [1]
  .bss               zero     0x200047e0     0x4  stm32f1xx_hal.o [1]
  .bss               zero     0x200047e4     0x4  xfail_s.o [3]
                            - 0x200047e8  0x4740

"P2", part 3 of 3:                         0x200
  CSTACK                      0x200047e8   0x200  <Block>
    CSTACK           uninit   0x200047e8   0x200  <Block tail>
                            - 0x200049e8   0x200


*******************************************************************************
*** INIT TABLE
***

          Address     Size
          -------     ----
Zero (__iar_zero_init3)
    1 destination range, total size 0x4740:
          0x200000a8  0x4740

Copy/lz77 (__iar_lz77_init_single3)
    1 source range, total size 0x4a (44% of destination):
          0x08006ed6    0x4a
    1 destination range, total size 0xa5:
          0x20000000    0xa5



*******************************************************************************
*** MODULE SUMMARY
***

    Module                  ro code  ro data  rw data
    ------                  -------  -------  -------
D:\development\st\stm32\src_code\FatFs_W25Q32\w25q32\EWARM\w25q32\Obj: [1]
    FLASH_W25QXX.o              488
    SEGGER_RTT.o                604             1 160
    SEGGER_RTT_printf.o         884
    adc.o                       232                48
    cmsis_os.o                  408
    diskio.o                    116
    fatfs.o                      24             8 296
    ff.o                      3 974                32
    ff_gen_drv.o                 68                12
    freertos.o                1 340       12       28
    gpio.o                      104
    heap_4.o                    436             8 120
    list.o                      142
    main.o                      216
    port.o                      420        5       12
    portasm.o                   136
    queue.o                   1 464                64
    rtc.o                       268                20
    spi.o                       228                88
    startup_stm32f103xb.o       412
    stm32_mini_board.o          168
    stm32f1xx_hal.o             104                 4
    stm32f1xx_hal_adc.o         832
    stm32f1xx_hal_adc_ex.o        2
    stm32f1xx_hal_cortex.o      224
    stm32f1xx_hal_dma.o         184
    stm32f1xx_hal_gpio.o        448
    stm32f1xx_hal_msp.o         156
    stm32f1xx_hal_pwr.o          16
    stm32f1xx_hal_rcc.o       1 246
    stm32f1xx_hal_rcc_ex.o      434
    stm32f1xx_hal_rtc.o         878
    stm32f1xx_hal_rtc_ex.o       28
    stm32f1xx_hal_spi.o         662
    stm32f1xx_hal_spi_ex.o      130
    stm32f1xx_hal_uart.o        902
    stm32f1xx_it.o               48
    syscall.o                    68
    system_stm32f1xx.o           92       10        4
    tasks.o                   1 908               300
    usart.o                     236                64
    user_diskio.o                44       10       21
    -------------------------------------------------
    Total:                   20 774       37   18 273

command line: [2]
    -------------------------------------------------
    Total:

dl7M_tlf.a: [3]
    abort.o                       6
    exit.o                        4
    low_level_init.o              4
    sprintf.o                    64
    xencoding_8859_1.o           30
    xfail_s.o                    68                 4
    xlocale_c.o                 116       63      128
    xmbcurmax.o                  10
    xprintffull.o             3 954
    xsprout.o                    10
    -------------------------------------------------
    Total:                    4 266       63      132

m7M_tl.a: [4]
    DblAdd.o                    360
    DblCmpGe.o                   46
    DblCmpLe.o                   46
    DblDiv.o                    582
    DblMul.o                    418
    DblSub.o                    226
    DblToS32.o                   58
    DblToU32.o                   40
    S32ToDbl.o                   34
    U32ToDbl.o                   26
    frexp.o                     112
    ldexp.o                     314
    -------------------------------------------------
    Total:                    2 262

rt7M_tl.a: [5]
    ABImemcpy.o                 166
    ABImemset.o                 102
    I64DivMod.o                 238
    I64DivZer.o                   2
    cexit.o                      10
    cmain.o                      26
    cstartup_M.o                 12
    data_init.o                  40
    lz77_init_single.o          122
    memchr.o                     88
    strchr.o                     22
    strlen.o                     54
    zero_init3.o                 64
    -------------------------------------------------
    Total:                      946

shb_l.a: [6]
    exit.o                       20
    -------------------------------------------------
    Total:                       20

    Gaps                         48
    Linker created                        32      512
-----------------------------------------------------
    Grand Total:             28 316      132   18 917


*******************************************************************************
*** ENTRY LIST
***

Entry                      Address    Size  Type      Object
-----                      -------    ----  ----      ------
.iar.init_table$$Base   0x08006db0           --   Gb  - Linker created -
.iar.init_table$$Limit  0x08006dd0           --   Gb  - Linker created -
?main                   0x08006dd1          Code  Gb  cmain.o [5]
ADC1_2_IRQHandler       0x08006d39     0x6  Code  Gb  stm32f1xx_it.o [1]
ADC_ConversionStop_Disable
                        0x080063c9    0x44  Code  Gb  stm32f1xx_hal_adc.o [1]
AHBPrescTable           0x08006ccc    0x10  Data  Gb  system_stm32f1xx.o [1]
APBPrescTable           0x08006e28     0x8  Data  Gb  system_stm32f1xx.o [1]
APP_TIMESTAMP           0x080048d3     0x4  Code  Gb  main.o [1]
BSP_SPI_TRANS_RECV      0x08004fb7    0x22  Code  Gb  stm32_mini_board.o [1]
BSP_W25Q32_CS_HIGH      0x08004fdd     0x2  Code  Gb  stm32_mini_board.o [1]
BSP_W25Q32_CS_LOW       0x08004fd9     0x4  Code  Gb  stm32_mini_board.o [1]
BSP_W25Q32_Init         0x08004f49     0xa  Code  Gb  stm32_mini_board.o [1]
BSP_W25Q32_Ioctl        0x08004f53    0x2a  Code  Gb  stm32_mini_board.o [1]
BSP_W25Q32_Sector_Program
                        0x08004f9d    0x1a  Code  Gb  stm32_mini_board.o [1]
BSP_W25Q32_Sector_Read  0x08004f7d    0x20  Code  Gb  stm32_mini_board.o [1]
BusFault_Handler        0x08006d23     0x2  Code  Gb  stm32f1xx_it.o [1]
CSTACK$$Base            0x200047e8           --   Gb  - Linker created -
CSTACK$$Limit           0x200049e8           --   Gb  - Linker created -
CacheMore               0x08003585    0x24  Code  Lc  xlocale_c.o [3]
DebugMon_Handler        0x08006d27     0x2  Code  Gb  stm32f1xx_it.o [1]
ExCvt                   0x0800091c    0x80  Data  Lc  ff.o [1]
FATFS_LinkDriver        0x08004f3f     0x4  Code  Gb  ff_gen_drv.o [1]
FATFS_LinkDriverEx      0x08004f05    0x3a  Code  Gb  ff_gen_drv.o [1]
FLASH_W25QXX_Get_Busy_Status
                        0x0800465f     0xe  Code  Gb  FLASH_W25QXX.o [1]
FLASH_W25QXX_Get_Manufacturer_Id
                        0x08004691    0x36  Code  Gb  FLASH_W25QXX.o [1]
FLASH_W25QXX_Get_Status_Register
                        0x08004635    0x2a  Code  Gb  FLASH_W25QXX.o [1]
FLASH_W25QXX_Get_Unique_Id
                        0x080046c7    0x56  Code  Gb  FLASH_W25QXX.o [1]
FLASH_W25QXX_Page_Program
                        0x080047a3    0x34  Code  Gb  FLASH_W25QXX.o [1]
FLASH_W25QXX_Read_Data_Block
                        0x08004725    0x42  Code  Gb  FLASH_W25QXX.o [1]
FLASH_W25QXX_Sector_Erase_4kb
                        0x08004767    0x18  Code  Gb  FLASH_W25QXX.o [1]
FLASH_W25QXX_Sector_Program
                        0x080047df    0x3e  Code  Gb  FLASH_W25QXX.o [1]
FLASH_W25QXX_Write_Enable
                        0x0800466d    0x12  Code  Gb  FLASH_W25QXX.o [1]
FatFs                   0x200047d8     0x4  Data  Lc  ff.o [1]
Files                   0x2000477c    0x18  Data  Lc  ff.o [1]
Fsid                    0x200047d4     0x2  Data  Lc  ff.o [1]
HAL_ADCEx_InjectedConvCpltCallback
                        0x08006bbd     0x2  Code  Wk  stm32f1xx_hal_adc_ex.o [1]
HAL_ADC_ConfigChannel   0x080062b5    0xe4  Code  Gb  stm32f1xx_hal_adc.o [1]
HAL_ADC_IRQHandler      0x080061c5    0xd8  Code  Gb  stm32f1xx_hal_adc.o [1]
HAL_ADC_Init            0x080060d1    0xf4  Code  Gb  stm32f1xx_hal_adc.o [1]
HAL_ADC_MspInit         0x080050cd    0x46  Code  Gb  adc.o [1]
HAL_DMA_Abort_IT        0x08006bc1    0x9a  Code  Gb  stm32f1xx_hal_dma.o [1]
HAL_GPIO_Init           0x08005e4d   0x17e  Code  Gb  stm32f1xx_hal_gpio.o [1]
HAL_GPIO_WritePin       0x08005fcb     0xc  Code  Gb  stm32f1xx_hal_gpio.o [1]
HAL_GetTick             0x08006bad     0xc  Code  Wk  stm32f1xx_hal.o [1]
HAL_IncTick             0x08006d4d    0x10  Code  Wk  stm32f1xx_hal.o [1]
HAL_Init                0x08004ff1    0x20  Code  Gb  stm32f1xx_hal.o [1]
HAL_InitTick            0x0800600d    0x28  Code  Wk  stm32f1xx_hal.o [1]
HAL_MspInit             0x08006035    0x9c  Code  Gb  stm32f1xx_hal_msp.o [1]
HAL_NVIC_EnableIRQ      0x08005b47     0xa  Code  Gb  stm32f1xx_hal_cortex.o [1]
HAL_NVIC_SetPriority    0x08005b0d    0x3a  Code  Gb  stm32f1xx_hal_cortex.o [1]
HAL_NVIC_SetPriorityGrouping
                        0x08005af3    0x1a  Code  Gb  stm32f1xx_hal_cortex.o [1]
HAL_PWR_EnableBkUpAccess
                        0x08006799     0x4  Code  Gb  stm32f1xx_hal_pwr.o [1]
HAL_RCCEx_GetPeriphCLKFreq
                        0x080059fd    0xaa  Code  Gb  stm32f1xx_hal_rcc_ex.o [1]
HAL_RCCEx_GetPeriphCLKFreq::aPLLMULFactorTable
                        0x08005ac0    0x10  Data  Lc  stm32f1xx_hal_rcc_ex.o [1]
HAL_RCCEx_GetPeriphCLKFreq::aPredivFactorTable
                        0x08005ad0     0x2  Data  Lc  stm32f1xx_hal_rcc_ex.o [1]
HAL_RCCEx_PeriphCLKConfig
                        0x08005921    0xdc  Code  Gb  stm32f1xx_hal_rcc_ex.o [1]
HAL_RCC_ClockConfig     0x08005755   0x108  Code  Gb  stm32f1xx_hal_rcc.o [1]
HAL_RCC_GetHCLKFreq     0x080058b5     0x6  Code  Gb  stm32f1xx_hal_rcc.o [1]
HAL_RCC_GetPCLK1Freq    0x080058bb    0x10  Code  Gb  stm32f1xx_hal_rcc.o [1]
HAL_RCC_GetPCLK2Freq    0x080058cb     0xe  Code  Gb  stm32f1xx_hal_rcc.o [1]
HAL_RCC_GetSysClockFreq
                        0x0800587b    0x3a  Code  Gb  stm32f1xx_hal_rcc.o [1]
HAL_RCC_GetSysClockFreq::aPLLMULFactorTable
                        0x0800590c    0x10  Data  Lc  stm32f1xx_hal_rcc.o [1]
HAL_RCC_GetSysClockFreq::aPredivFactorTable
                        0x0800591c     0x2  Data  Lc  stm32f1xx_hal_rcc.o [1]
HAL_RCC_OscConfig       0x08005441   0x30c  Code  Gb  stm32f1xx_hal_rcc.o [1]
HAL_RTCEx_BKUPRead      0x08006789     0xc  Code  Gb  stm32f1xx_hal_rtc_ex.o [1]
HAL_RTCEx_BKUPWrite     0x0800677d     0xc  Code  Gb  stm32f1xx_hal_rtc_ex.o [1]
HAL_RTC_Init            0x0800640d    0x98  Code  Gb  stm32f1xx_hal_rtc.o [1]
HAL_RTC_MspInit         0x080051f5    0x2c  Code  Gb  rtc.o [1]
HAL_RTC_SetDate         0x08006531    0x9e  Code  Gb  stm32f1xx_hal_rtc.o [1]
HAL_RTC_SetTime         0x080064a5    0x8c  Code  Gb  stm32f1xx_hal_rtc.o [1]
HAL_RTC_WaitForSynchro  0x080065f5    0x2e  Code  Gb  stm32f1xx_hal_rtc.o [1]
HAL_SPI_Init            0x080067a9    0x82  Code  Gb  stm32f1xx_hal_spi_ex.o [1]
HAL_SPI_MspInit         0x080052b5    0x50  Code  Gb  spi.o [1]
HAL_SPI_TransmitReceive
                        0x08005bb5   0x1aa  Code  Gb  stm32f1xx_hal_spi.o [1]
HAL_SYSTICK_CLKSourceConfig
                        0x08005b83    0x1a  Code  Gb  stm32f1xx_hal_cortex.o [1]
HAL_SYSTICK_Config      0x08005b5b    0x28  Code  Gb  stm32f1xx_hal_cortex.o [1]
HAL_UART_IRQHandler     0x080068b1   0x152  Code  Gb  stm32f1xx_hal_uart.o [1]
HAL_UART_Init           0x0800682d    0x1e  Code  Gb  stm32f1xx_hal_uart.o [1]
HAL_UART_MspInit        0x0800538b    0x62  Code  Gb  usart.o [1]
HardFault_Handler       0x08006d1f     0x2  Code  Gb  stm32f1xx_it.o [1]
LoadInt                 0x080027db    0x7a  Code  Lc  xprintffull.o [3]
MX_ADC1_Init            0x0800507d    0x50  Code  Gb  adc.o [1]
MX_FATFS_Init           0x0800461d    0x18  Code  Gb  fatfs.o [1]
MX_FREERTOS_Init        0x080040e1    0x20  Code  Gb  freertos.o [1]
MX_GPIO_Init            0x08005015    0x68  Code  Gb  gpio.o [1]
MX_RTC_Init             0x08005165    0x90  Code  Gb  rtc.o [1]
MX_SPI1_Init            0x08005271    0x44  Code  Gb  spi.o [1]
MX_USART1_UART_Init     0x08005355    0x36  Code  Gb  usart.o [1]
MemManage_Handler       0x08006d21     0x2  Code  Gb  stm32f1xx_it.o [1]
NMI_Handler             0x08006d1d     0x2  Code  Gb  stm32f1xx_it.o [1]
NVIC_SetPriority        0x08005ad5    0x1e  Code  Lc  stm32f1xx_hal_cortex.o [1]
PendSV_Handler          0x08002585          Code  Gb  portasm.o [1]
RCC_IRQHandler          0x08006d37     0x2  Code  Gb  stm32f1xx_it.o [1]
RTC_Bcd2ToByte          0x0800670d    0x10  Code  Lc  stm32f1xx_hal_rtc.o [1]
RTC_EnterInitMode       0x080066a9    0x2c  Code  Lc  stm32f1xx_hal_rtc.o [1]
RTC_ExitInitMode        0x080066df    0x2e  Code  Lc  stm32f1xx_hal_rtc.o [1]
RTC_ReadAlarmCounter    0x08006675    0x10  Code  Lc  stm32f1xx_hal_rtc.o [1]
RTC_ReadTimeCounter     0x0800662f    0x22  Code  Lc  stm32f1xx_hal_rtc.o [1]
RTC_WeekDayNum          0x0800671d    0x42  Code  Lc  stm32f1xx_hal_rtc.o [1]
RTC_WriteAlarmCounter   0x08006685    0x24  Code  Lc  stm32f1xx_hal_rtc.o [1]
RTC_WriteTimeCounter    0x08006651    0x24  Code  Lc  stm32f1xx_hal_rtc.o [1]
Region$$Table$$Base     0x08006db0           --   Gb  - Linker created -
Region$$Table$$Limit    0x08006dd0           --   Gb  - Linker created -
SEGGER_RTT_CRITICAL_REGION_ENTER
                        0x080048d7     0xe  Code  Gb  main.o [1]
SEGGER_RTT_CRITICAL_REGION_EXIT
                        0x080048e5     0xe  Code  Gb  main.o [1]
SEGGER_RTT_GetKey       0x08004b09    0x1c  Code  Gb  SEGGER_RTT.o [1]
SEGGER_RTT_Read         0x08004a63    0x1e  Code  Gb  SEGGER_RTT.o [1]
SEGGER_RTT_ReadNoLock   0x080049ef    0x74  Code  Gb  SEGGER_RTT.o [1]
SEGGER_RTT_Write        0x08004add    0x22  Code  Gb  SEGGER_RTT.o [1]
SEGGER_RTT_WriteNoLock  0x08004a81    0x4c  Code  Gb  SEGGER_RTT.o [1]
SEGGER_RTT_printf       0x08004ea1    0x14  Code  Gb  SEGGER_RTT_printf.o [1]
SEGGER_RTT_vprintf      0x08004d21   0x16e  Code  Gb  SEGGER_RTT_printf.o [1]
SPI_CheckFlag_BSY       0x08005e25    0x1c  Code  Lc  stm32f1xx_hal_spi.o [1]
SPI_WaitFlagStateUntilTimeout
                        0x08005d99    0x8c  Code  Lc  stm32f1xx_hal_spi.o [1]
SVC_Handler             0x080025cb          Code  Gb  portasm.o [1]
StartDefaultTask        0x08004101   0x156  Code  Gb  freertos.o [1]
StartDefaultTask::__func__
                        0x080042fc    0x14  Data  Lc  freertos.o [1]
Stat                    0x200000a4     0x1  Data  Lc  user_diskio.o [1]
SysTick_Handler         0x08006d29     0xe  Code  Gb  stm32f1xx_it.o [1]
SystemClock_Config      0x08004845    0x8e  Code  Gb  main.o [1]
SystemCoreClock         0x2000000c     0x4  Data  Gb  system_stm32f1xx.o [1]
SystemInit              0x08006c81    0x3a  Code  Gb  system_stm32f1xx.o [1]
UART_DMAAbortOnError    0x08006a21     0xc  Code  Lc  stm32f1xx_hal_uart.o [1]
UART_EndRxTransfer      0x08006a03    0x1c  Code  Lc  stm32f1xx_hal_uart.o [1]
UART_Receive_IT         0x08006a2d    0x96  Code  Lc  stm32f1xx_hal_uart.o [1]
UART_SetConfig          0x08006ac3    0xde  Code  Lc  stm32f1xx_hal_uart.o [1]
USART1_IRQHandler       0x08006d3f     0x6  Code  Gb  stm32f1xx_it.o [1]
USERFatFS               0x20002060  0x1034  Data  Gb  fatfs.o [1]
USERFile                0x20003094  0x102c  Data  Gb  fatfs.o [1]
USERPath                0x200047d0     0x4  Data  Gb  fatfs.o [1]
USER_Driver             0x20000010    0x14  Data  Gb  user_diskio.o [1]
USER_initialize         0x08006d5d    0x14  Code  Gb  user_diskio.o [1]
USER_ioctl              0x08006d85     0x4  Code  Gb  user_diskio.o [1]
USER_read               0x08006d7d     0x4  Code  Gb  user_diskio.o [1]
USER_status             0x08006d71     0x6  Code  Gb  user_diskio.o [1]
USER_write              0x08006d81     0x4  Code  Gb  user_diskio.o [1]
UsageFault_Handler      0x08006d25     0x2  Code  Gb  stm32f1xx_it.o [1]
_DoInit                 0x080048f5    0x52  Code  Lc  SEGGER_RTT.o [1]
_Encoding_8859_1_Mbrlen
                        0x08001165     0x2  Code  Gb  xencoding_8859_1.o [3]
_Encoding_8859_1_Wctomb
                        0x08001153    0x12  Code  Gb  xencoding_8859_1.o [3]
_Error_Handler          0x080048f3     0x2  Code  Gb  main.o [1]
_GenldFull              0x0800324f   0x27e  Code  Lc  xprintffull.o [3]
_GetAvailWriteSpace     0x080049d5    0x1a  Code  Lc  SEGGER_RTT.o [1]
_LdtobFull              0x08002e35   0x3f0  Code  Lc  xprintffull.o [3]
_LitobFull              0x08002cd9   0x116  Code  Lc  xprintffull.o [3]
_Locale_lconv           0x20000024    0x38  Data  Lc  xlocale_c.o [3]
_PrintInt               0x08004c59    0xc8  Code  Lc  SEGGER_RTT_printf.o [1]
_PrintUnsigned          0x08004b8f    0xca  Code  Lc  SEGGER_RTT_printf.o [1]
_PrintUnsigned::_aV2C   0x08004eb4    0x10  Data  Lc  SEGGER_RTT_printf.o [1]
_PrintfFull             0x0800260d   0x1b6  Code  Gb  xprintffull.o [3]
_PutcharsFull           0x080034cd    0x2e  Code  Lc  xprintffull.o [3]
_PutfldFull             0x08002855   0x2d0  Code  Lc  xprintffull.o [3]
_PutstrFull             0x08002c1b    0xbe  Code  Lc  xprintffull.o [3]
_PuttxtFull             0x08002b25    0xf6  Code  Lc  xprintffull.o [3]
_SEGGER_RTT             0x200040c0    0x78  Data  Gb  SEGGER_RTT.o [1]
_SProut                 0x080024d3     0xa  Code  Gb  xsprout.o [3]
_StoreChar              0x08004b51    0x3e  Code  Lc  SEGGER_RTT_printf.o [1]
_WriteBlocking          0x08004947    0x54  Code  Lc  SEGGER_RTT.o [1]
_WriteNoCheck           0x0800499b    0x3a  Code  Lc  SEGGER_RTT.o [1]
__aeabi_cdcmple         0x080039f1          Code  Gb  DblCmpLe.o [4]
__aeabi_cdrcmple        0x08003a21          Code  Gb  DblCmpGe.o [4]
__aeabi_d2iz            0x08003b8d          Code  Gb  DblToS32.o [4]
__aeabi_d2uiz           0x08003f19          Code  Gb  DblToU32.o [4]
__aeabi_ddiv            0x08003cd1          Code  Gb  DblDiv.o [4]
__aeabi_dmul            0x080037dd          Code  Gb  DblMul.o [4]
__aeabi_dsub            0x08003bed          Code  Gb  DblSub.o [4]
__aeabi_i2d             0x08003bc9          Code  Gb  S32ToDbl.o [4]
__aeabi_ldiv0           0x08003f61          Code  Gb  I64DivZer.o [5]
__aeabi_memcpy          0x080024dd          Code  Gb  ABImemcpy.o [5]
__aeabi_memcpy4         0x080024fd          Code  Gb  ABImemcpy.o [5]
__aeabi_memcpy8         0x080024fd          Code  Gb  ABImemcpy.o [5]
__aeabi_memset          0x080010ed          Code  Gb  ABImemset.o [5]
__aeabi_ui2d            0x08003f41          Code  Gb  U32ToDbl.o [4]
__aeabi_uldivmod        0x080036ed          Code  Gb  I64DivMod.o [5]
__cmain                 0x08006dd1          Code  Gb  cmain.o [5]
__exit                  0x080040cd    0x14  Code  Gb  exit.o [6]
__iar_Fail_s            0x0800360d    0x1e  Code  Gb  xfail_s.o [3]
__iar_Mbcurmax          0x080036e1     0xa  Code  Gb  xmbcurmax.o [3]
__iar_Memchr            0x08003689          Code  Gb  memchr.o [5]
__iar_Memset            0x080010ed          Code  Gb  ABImemset.o [5]
__iar_Memset_word       0x080010f5          Code  Gb  ABImemset.o [5]
__iar_Strchr            0x080035f5          Code  Gb  strchr.o [5]
__iar_dadd              0x08003bfd          Code  Gb  DblSub.o [4]
__iar_data_init3        0x08006d89    0x28  Code  Gb  data_init.o [5]
__iar_dsub              0x08003f65          Code  Gb  DblAdd.o [4]
__iar_dsubStart         0x08003f77          Code  Gb  DblAdd.o [4]
__iar_frexp             0x0800398d          Code  Gb  frexp.o [4]
__iar_frexp64           0x08003981          Code  Gb  frexp.o [4]
__iar_frexpl            0x0800398d          Code  Gb  frexp.o [4]
__iar_globLocale        0x2000005c    0x48  Data  Lc  xlocale_c.o [3]
__iar_global_Locale     0x08003581     0x4  Code  Gb  xlocale_c.o [3]
__iar_ldexp64           0x08003a51          Code  Gb  ldexp.o [4]
__iar_lz77_init_single3
                        0x08001073    0x7a  Code  Gb  lz77_init_single.o [5]
__iar_program_start     0x08006e1d          Code  Gb  cstartup_M.o [5]
__iar_scalbln64         0x08003a51          Code  Gb  ldexp.o [4]
__iar_scalbn64          0x08003a51          Code  Gb  ldexp.o [4]
__iar_systems$$module {Abs}
                        0x00000001          Data  Gb  command line/config [2]
__iar_zero_init3        0x08006cdd    0x40  Code  Gb  zero_init3.o [5]
__low_level_init        0x08006deb     0x4  Code  Gb  low_level_init.o [3]
__vector_table          0x08000000          Data  Gb  startup_stm32f103xb.o [1]
_acDownBuffer           0x20004538    0x10  Data  Lc  SEGGER_RTT.o [1]
_acUpBuffer             0x20004138   0x400  Data  Lc  SEGGER_RTT.o [1]
_call_main              0x08006ddd          Code  Gb  cmain.o [5]
_exit                   0x08006df5          Code  Gb  cexit.o [5]
_gLocale_mblen          0x080035e1     0x4  Code  Gb  xlocale_c.o [3]
_gLocale_mblenInt       0x080035a9    0x34  Code  Gb  xlocale_c.o [3]
_gLocale_wctomb         0x080035e5     0x4  Code  Gb  xlocale_c.o [3]
_gLocale_wctombInt      0x080035dd     0x4  Code  Gb  xlocale_c.o [3]
_main                   0x08006de7          Code  Gb  cmain.o [5]
abort                   0x08003f5b     0x6  Code  Gb  abort.o [3]
check_fs                0x08000a95    0x6c  Code  Lc  ff.o [1]
clear_lock              0x080001e1    0x1e  Code  Lc  ff.o [1]
clust2sect              0x08000295    0x26  Code  Gb  ff.o [1]
create_chain            0x080004ad    0xb8  Code  Lc  ff.o [1]
create_name             0x08000805   0x104  Code  Lc  ff.o [1]
dec_lock                0x080001a9    0x38  Code  Lc  ff.o [1]
defaultTaskHandle       0x200047dc     0x4  Data  Gb  freertos.o [1]
dir_next                0x08000601   0x118  Code  Lc  ff.o [1]
dir_read                0x0800073b    0x5a  Code  Lc  ff.o [1]
dir_sdi                 0x08000565    0x9c  Code  Lc  ff.o [1]
disk                    0x200047c0     0xc  Data  Gb  ff_gen_drv.o [1]
disk_initialize         0x080011c7    0x1e  Code  Gb  diskio.o [1]
disk_ioctl              0x0800120d    0x18  Code  Gb  diskio.o [1]
disk_read               0x080011e5     0xc  Code  Gb  diskio.o [1]
disk_status             0x080011b5    0x12  Code  Gb  diskio.o [1]
disk_write              0x080011f1     0xc  Code  Gb  diskio.o [1]
exit                    0x08006def     0x4  Code  Gb  exit.o [3]
f_closedir              0x08000f6f    0x32  Code  Gb  ff.o [1]
f_mount                 0x08000e37    0x8e  Code  Gb  ff.o [1]
f_opendir               0x08000ed5    0x92  Code  Gb  ff.o [1]
f_readdir               0x08000fa1    0x64  Code  Gb  ff.o [1]
f_stat                  0x08001005    0x48  Code  Gb  ff.o [1]
ff_cre_syncobj          0x08001171    0x1e  Code  Gb  syscall.o [1]
ff_del_syncobj          0x0800118f     0xa  Code  Gb  syscall.o [1]
ff_rel_grant            0x080011ad     0x4  Code  Gb  syscall.o [1]
ff_req_grant            0x08001199    0x14  Code  Gb  syscall.o [1]
find_volume             0x08000b05   0x2f2  Code  Lc  ff.o [1]
follow_path             0x0800099d    0xb4  Code  Lc  ff.o [1]
frexp                   0x08003981          Code  Gb  frexp.o [4]
frexpl                  0x08003981          Code  Gb  frexp.o [4]
get_fat                 0x080002bb    0xc2  Code  Gb  ff.o [1]
get_fileinfo            0x0800079b    0x6a  Code  Lc  ff.o [1]
get_ldnumber            0x08000a51    0x44  Code  Lc  ff.o [1]
hadc1                   0x2000474c    0x30  Data  Gb  adc.o [1]
hrtc                    0x200047ac    0x14  Data  Gb  rtc.o [1]
hspi1                   0x20004674    0x58  Data  Gb  spi.o [1]
huart1                  0x2000470c    0x40  Data  Gb  usart.o [1]
inHandlerMode           0x08001235     0xc  Code  Lc  cmsis_os.o [1]
inc_lock                0x08000129    0x80  Code  Lc  ff.o [1]
ld_clust                0x08000719    0x22  Code  Lc  ff.o [1]
ldexp                   0x08003a51          Code  Gb  ldexp.o [4]
ldexpl                  0x08003a51          Code  Gb  ldexp.o [4]
localeconv              0x080035e9     0x4  Code  Gb  xlocale_c.o [3]
lock_fs                 0x080000fb     0xa  Code  Lc  ff.o [1]
main                    0x0800481d    0x28  Code  Gb  main.o [1]
makeFreeRtosPriority    0x08001229     0xc  Code  Lc  cmsis_os.o [1]
mem_set                 0x080000ed     0xe  Code  Lc  ff.o [1]
memchr                  0x08003689          Code  Gb  memchr.o [5]
move_window             0x0800025b    0x3a  Code  Lc  ff.o [1]
osDelay                 0x08001291     0xe  Code  Gb  cmsis_os.o [1]
osKernelStart           0x08001241     0xa  Code  Gb  cmsis_os.o [1]
osKernelSysTick         0x0800124b    0x18  Code  Gb  cmsis_os.o [1]
osSemaphoreCreate       0x0800129f    0x26  Code  Gb  cmsis_os.o [1]
osSemaphoreDelete       0x0800137b     0xc  Code  Gb  cmsis_os.o [1]
osSemaphoreRelease      0x08001337    0x30  Code  Gb  cmsis_os.o [1]
osSemaphoreWait         0x080012c5    0x3c  Code  Gb  cmsis_os.o [1]
osSystickHandler        0x080013a7    0x14  Code  Gb  cmsis_os.o [1]
osThreadCreate          0x08001263    0x2e  Code  Gb  cmsis_os.o [1]
prvAddCurrentTaskToDelayedList
                        0x08001ab9    0x64  Code  Lc  tasks.o [1]
prvAddNewTaskToReadyList
                        0x08001491    0xa6  Code  Lc  tasks.o [1]
prvCopyDataFromQueue    0x08002021    0x28  Code  Lc  queue.o [1]
prvCopyDataToQueue      0x08001fb9    0x68  Code  Lc  queue.o [1]
prvDeleteTCB            0x08001907    0x14  Code  Lc  tasks.o [1]
prvIdleTask             0x080018a9    0x5e  Code  Lc  tasks.o [1]
prvInitialiseNewQueue   0x08001be1    0x16  Code  Lc  queue.o [1]
prvInitialiseNewTask    0x08001419    0x78  Code  Lc  tasks.o [1]
prvInsertBlockIntoFreeList
                        0x080023f7    0x46  Code  Lc  heap_4.o [1]
prvIsQueueEmpty         0x080020ab    0x16  Code  Lc  queue.o [1]
prvResetNextTaskUnblockTime
                        0x0800191b    0x1c  Code  Lc  tasks.o [1]
prvTaskExitError        0x0800210d    0x28  Code  Lc  port.o [1]
prvUnlockQueue          0x08002049    0x62  Code  Lc  queue.o [1]
put_fat                 0x08000393    0xee  Code  Gb  ff.o [1]
pvPortMalloc            0x08002291   0x104  Code  Gb  heap_4.o [1]
pvTaskIncrementMutexHeldCount
                        0x08001a57    0x14  Code  Gb  tasks.o [1]
pxCurrentTCB            0x20004570     0x4  Data  Gb  tasks.o [1]
pxDelayedTaskList       0x20004574     0x4  Data  Lc  tasks.o [1]
pxEnd                   0x200000b0     0x4  Data  Lc  heap_4.o [1]
pxOverflowDelayedTaskList
                        0x20004578     0x4  Data  Lc  tasks.o [1]
pxPortInitialiseStack   0x080020ed    0x20  Code  Gb  port.o [1]
pxReadyTasksLists       0x200045e8    0x8c  Data  Lc  tasks.o [1]
retUSER                 0x200047cc     0x1  Data  Gb  fatfs.o [1]
scalbln                 0x08003a51          Code  Gb  ldexp.o [4]
scalblnl                0x08003a51          Code  Gb  ldexp.o [4]
scalbn                  0x08003a51          Code  Gb  ldexp.o [4]
scalbnl                 0x08003a51          Code  Gb  ldexp.o [4]
scale                   0x08002def    0x46  Code  Lc  xprintffull.o [3]
scan_files              0x08004257    0x84  Code  Gb  freertos.o [1]
scan_files::__func__    0x080045c4     0xc  Data  Lc  freertos.o [1]
scan_files::fno         0x20004794    0x18  Data  Lc  freertos.o [1]
sec_hand                0x200047e4     0x4  Data  Lc  xfail_s.o [3]
sprintf                 0x08004ec5    0x40  Code  Gb  sprintf.o [3]
strchr                  0x080035f5          Code  Gb  strchr.o [5]
strlen                  0x08003651          Code  Gb  strlen.o [5]
sync_window             0x080001ff    0x50  Code  Lc  ff.o [1]
ucHeap                  0x200000c0  0x1fa0  Data  Lc  heap_4.o [1]
ucMaxSysCallPriority    0x20000000     0x1  Data  Lc  port.o [1]
ulMaxPRIGROUPValue      0x20000008     0x4  Data  Lc  port.o [1]
unlock_fs               0x08000105    0x24  Code  Lc  ff.o [1]
uwTick                  0x200047e0     0x4  Data  Gb  stm32f1xx_hal.o [1]
uxCriticalNesting       0x20000004     0x4  Data  Lc  port.o [1]
uxCurrentNumberOfTasks  0x20004594     0x4  Data  Lc  tasks.o [1]
uxDeletedTasksWaitingCleanUp
                        0x2000457c     0x4  Data  Lc  tasks.o [1]
uxListRemove            0x080024af    0x24  Code  Gb  list.o [1]
uxPendedTicks           0x200045a4     0x4  Data  Lc  tasks.o [1]
uxSchedulerSuspended    0x200045b8     0x4  Data  Lc  tasks.o [1]
uxTaskNumber            0x200045b0     0x4  Data  Lc  tasks.o [1]
uxTopReadyPriority      0x2000459c     0x4  Data  Lc  tasks.o [1]
vListInitialise         0x08002445    0x1a  Code  Gb  list.o [1]
vListInitialiseItem     0x0800245f     0x6  Code  Gb  list.o [1]
vListInsert             0x0800247d    0x32  Code  Gb  list.o [1]
vListInsertEnd          0x08002465    0x18  Code  Gb  list.o [1]
vPortEnterCritical      0x08002199    0x32  Code  Gb  port.o [1]
vPortExitCritical       0x080021cb    0x22  Code  Gb  port.o [1]
vPortFree               0x080023a3    0x46  Code  Gb  heap_4.o [1]
vPortStartFirstTask     0x080025eb          Code  Gb  portasm.o [1]
vPortValidateInterruptPriority
                        0x08002215    0x42  Code  Gb  port.o [1]
vQueueDelete            0x08001f9f    0x1a  Code  Gb  queue.o [1]
vQueueUnregisterQueue   0x080020c1    0x22  Code  Gb  queue.o [1]
vTaskDelay              0x08001537    0x2a  Code  Gb  tasks.o [1]
vTaskMissedYield        0x0800189d     0xa  Code  Gb  tasks.o [1]
vTaskPlaceOnEventList   0x080017a5    0x22  Code  Gb  tasks.o [1]
vTaskPriorityInherit    0x0800194f    0x76  Code  Gb  tasks.o [1]
vTaskSetTimeOutState    0x08001825    0x20  Code  Gb  tasks.o [1]
vTaskStartScheduler     0x08001571    0x56  Code  Gb  tasks.o [1]
vTaskSuspendAll         0x080015c7     0xc  Code  Gb  tasks.o [1]
vTaskSwitchContext      0x0800174f    0x56  Code  Gb  tasks.o [1]
validate                0x08000df7    0x40  Code  Lc  ff.o [1]
xBlockAllocatedBit      0x200000bc     0x4  Data  Lc  heap_4.o [1]
xDelayedTaskList1       0x200045bc    0x14  Data  Lc  tasks.o [1]
xDelayedTaskList2       0x200045d0    0x14  Data  Lc  tasks.o [1]
xFreeBytesRemaining     0x200000b4     0x4  Data  Lc  heap_4.o [1]
xIdleTaskHandle         0x200045e4     0x4  Data  Lc  tasks.o [1]
xMinimumEverFreeBytesRemaining
                        0x200000b8     0x4  Data  Lc  heap_4.o [1]
xNextTaskUnblockTime    0x200045b4     0x4  Data  Lc  tasks.o [1]
xNumOfOverflows         0x200045ac     0x4  Data  Lc  tasks.o [1]
xPendingReadyList       0x20004548    0x14  Data  Lc  tasks.o [1]
xPortStartScheduler     0x08002135    0x64  Code  Gb  port.o [1]
xPortSysTickHandler     0x080021ed    0x26  Code  Gb  port.o [1]
xQueueGenericCreate     0x08001ba9    0x38  Code  Gb  queue.o [1]
xQueueGenericReceive    0x08001dbb   0x136  Code  Gb  queue.o [1]
xQueueGenericReset      0x08001b35    0x74  Code  Gb  queue.o [1]
xQueueGenericSend       0x08001bf7   0x122  Code  Gb  queue.o [1]
xQueueGiveFromISR       0x08001d19    0x78  Code  Gb  queue.o [1]
xQueueReceiveFromISR    0x08001f09    0x7e  Code  Gb  queue.o [1]
xQueueRegistry          0x200046cc    0x40  Data  Gb  queue.o [1]
xSchedulerRunning       0x200045a0     0x4  Data  Lc  tasks.o [1]
xStart                  0x200000a8     0x8  Data  Lc  heap_4.o [1]
xSuspendedTaskList      0x20004580    0x14  Data  Lc  tasks.o [1]
xTaskCheckForTimeOut    0x08001845    0x58  Code  Gb  tasks.o [1]
xTaskCreate             0x080013c1    0x58  Code  Gb  tasks.o [1]
xTaskGetSchedulerState  0x08001937    0x18  Code  Gb  tasks.o [1]
xTaskGetTickCount       0x08001677     0x8  Code  Gb  tasks.o [1]
xTaskGetTickCountFromISR
                        0x0800167f     0xe  Code  Gb  tasks.o [1]
xTaskIncrementTick      0x0800168d    0xc2  Code  Gb  tasks.o [1]
xTaskPriorityDisinherit
                        0x080019c5    0x82  Code  Gb  tasks.o [1]
xTaskRemoveFromEventList
                        0x080017cb    0x4e  Code  Gb  tasks.o [1]
xTaskResumeAll          0x080015d3    0x9c  Code  Gb  tasks.o [1]
xTasksWaitingTermination
                        0x2000455c    0x14  Data  Lc  tasks.o [1]
xTickCount              0x20004598     0x4  Data  Lc  tasks.o [1]
xYieldPending           0x200045a8     0x4  Data  Lc  tasks.o [1]


[1] = D:\development\st\stm32\src_code\FatFs_W25Q32\w25q32\EWARM\w25q32\Obj
[2] = command line
[3] = dl7M_tlf.a
[4] = m7M_tl.a
[5] = rt7M_tl.a
[6] = shb_l.a

  28 316 bytes of readonly  code memory
     132 bytes of readonly  data memory
  18 917 bytes of readwrite data memory

Errors: none
Warnings: none
