###############################################################################
#
# IAR ELF Linker V8.11.1.13263/W32 for ARM                21/Jul/2017  14:54:20
# Copyright 2007-2017 IAR Systems AB.
#
#    Output file  =  D:\360download\w25q32\w25q32\EWARM\w25q32\Exe\w25q32.out
#    Map file     =  D:\360download\w25q32\w25q32\EWARM\w25q32\List\w25q32.map
#    Command line =  
#        -f C:\Users\wkxbo\AppData\Local\Temp\EW7A0F.tmp
#        (D:\360download\w25q32\w25q32\EWARM\w25q32\Obj\adc.o
#        D:\360download\w25q32\w25q32\EWARM\w25q32\Obj\app_error.o
#        D:\360download\w25q32\w25q32\EWARM\w25q32\Obj\app_log.o
#        D:\360download\w25q32\w25q32\EWARM\w25q32\Obj\cmsis_os.o
#        D:\360download\w25q32\w25q32\EWARM\w25q32\Obj\croutine.o
#        D:\360download\w25q32\w25q32\EWARM\w25q32\Obj\diskio.o
#        D:\360download\w25q32\w25q32\EWARM\w25q32\Obj\event_groups.o
#        D:\360download\w25q32\w25q32\EWARM\w25q32\Obj\fatfs.o
#        D:\360download\w25q32\w25q32\EWARM\w25q32\Obj\ff.o
#        D:\360download\w25q32\w25q32\EWARM\w25q32\Obj\ff_gen_drv.o
#        D:\360download\w25q32\w25q32\EWARM\w25q32\Obj\FLASH_W25QXX.o
#        D:\360download\w25q32\w25q32\EWARM\w25q32\Obj\freertos.o
#        D:\360download\w25q32\w25q32\EWARM\w25q32\Obj\gpio.o
#        D:\360download\w25q32\w25q32\EWARM\w25q32\Obj\heap_4.o
#        D:\360download\w25q32\w25q32\EWARM\w25q32\Obj\list.o
#        D:\360download\w25q32\w25q32\EWARM\w25q32\Obj\main.o
#        D:\360download\w25q32\w25q32\EWARM\w25q32\Obj\port.o
#        D:\360download\w25q32\w25q32\EWARM\w25q32\Obj\portasm.o
#        D:\360download\w25q32\w25q32\EWARM\w25q32\Obj\queue.o
#        D:\360download\w25q32\w25q32\EWARM\w25q32\Obj\rtc.o
#        D:\360download\w25q32\w25q32\EWARM\w25q32\Obj\RTT_Syscalls_IAR.o
#        D:\360download\w25q32\w25q32\EWARM\w25q32\Obj\SEGGER_RTT.o
#        D:\360download\w25q32\w25q32\EWARM\w25q32\Obj\SEGGER_RTT_printf.o
#        D:\360download\w25q32\w25q32\EWARM\w25q32\Obj\spi.o
#        D:\360download\w25q32\w25q32\EWARM\w25q32\Obj\startup_stm32f103xb.o
#        D:\360download\w25q32\w25q32\EWARM\w25q32\Obj\stm32_mini_board.o
#        D:\360download\w25q32\w25q32\EWARM\w25q32\Obj\stm32f1xx_hal.o
#        D:\360download\w25q32\w25q32\EWARM\w25q32\Obj\stm32f1xx_hal_adc.o
#        D:\360download\w25q32\w25q32\EWARM\w25q32\Obj\stm32f1xx_hal_adc_ex.o
#        D:\360download\w25q32\w25q32\EWARM\w25q32\Obj\stm32f1xx_hal_cortex.o
#        D:\360download\w25q32\w25q32\EWARM\w25q32\Obj\stm32f1xx_hal_dma.o
#        D:\360download\w25q32\w25q32\EWARM\w25q32\Obj\stm32f1xx_hal_flash.o
#        D:\360download\w25q32\w25q32\EWARM\w25q32\Obj\stm32f1xx_hal_flash_ex.o
#        D:\360download\w25q32\w25q32\EWARM\w25q32\Obj\stm32f1xx_hal_gpio.o
#        D:\360download\w25q32\w25q32\EWARM\w25q32\Obj\stm32f1xx_hal_gpio_ex.o
#        D:\360download\w25q32\w25q32\EWARM\w25q32\Obj\stm32f1xx_hal_msp.o
#        D:\360download\w25q32\w25q32\EWARM\w25q32\Obj\stm32f1xx_hal_pwr.o
#        D:\360download\w25q32\w25q32\EWARM\w25q32\Obj\stm32f1xx_hal_rcc.o
#        D:\360download\w25q32\w25q32\EWARM\w25q32\Obj\stm32f1xx_hal_rcc_ex.o
#        D:\360download\w25q32\w25q32\EWARM\w25q32\Obj\stm32f1xx_hal_rtc.o
#        D:\360download\w25q32\w25q32\EWARM\w25q32\Obj\stm32f1xx_hal_rtc_ex.o
#        D:\360download\w25q32\w25q32\EWARM\w25q32\Obj\stm32f1xx_hal_spi.o
#        D:\360download\w25q32\w25q32\EWARM\w25q32\Obj\stm32f1xx_hal_spi_ex.o
#        D:\360download\w25q32\w25q32\EWARM\w25q32\Obj\stm32f1xx_hal_tim.o
#        D:\360download\w25q32\w25q32\EWARM\w25q32\Obj\stm32f1xx_hal_tim_ex.o
#        D:\360download\w25q32\w25q32\EWARM\w25q32\Obj\stm32f1xx_hal_uart.o
#        D:\360download\w25q32\w25q32\EWARM\w25q32\Obj\stm32f1xx_it.o
#        D:\360download\w25q32\w25q32\EWARM\w25q32\Obj\syscall.o
#        D:\360download\w25q32\w25q32\EWARM\w25q32\Obj\system_stm32f1xx.o
#        D:\360download\w25q32\w25q32\EWARM\w25q32\Obj\tasks.o
#        D:\360download\w25q32\w25q32\EWARM\w25q32\Obj\timers.o
#        D:\360download\w25q32\w25q32\EWARM\w25q32\Obj\usart.o
#        D:\360download\w25q32\w25q32\EWARM\w25q32\Obj\user_diskio.o --redirect
#        _Printf=_PrintfFull --redirect _Scanf=_ScanfFull -o
#        D:\360download\w25q32\w25q32\EWARM\w25q32\Exe\w25q32.out --map
#        D:\360download\w25q32\w25q32\EWARM\w25q32\List\w25q32.map --config
#        D:\360download\w25q32\w25q32\EWARM/stm32f103xb_flash.icf --semihosting
#        --entry __iar_program_start --vfe --text_out locale)
#
###############################################################################

*******************************************************************************
*** RUNTIME MODEL ATTRIBUTES
***

CppFlavor       = *
__SystemLibrary = DLib
__dlib_version  = 6


*******************************************************************************
*** HEAP SELECTION
***

The basic heap was selected because no calls to memory allocation
functions were found in the application outside of system library
functions, and there are calls to deallocation functions in the
application.


*******************************************************************************
*** PLACEMENT SUMMARY
***

"A0":  place at 0x08000000 { ro section .intvec };
"P1":  place in [from 0x08000000 to 0x0801ffff] { ro };
"P2":  place in [from 0x20000000 to 0x20004fff] { rw, block CSTACK, block HEAP };
initialize by copy { rw };

  Section            Kind        Address    Size  Object
  -------            ----        -------    ----  ------
"A0":                                       0xec
  .intvec            ro code  0x08000000    0xec  startup_stm32f103xb.o [1]
                            - 0x080000ec    0xec

"P1":                                     0x5e50
  .text              ro code  0x080000ec  0x1bb4  ff.o [1]
  .text              ro code  0x08001ca0    0x66  ABImemset.o [4]
  .text              ro code  0x08001d08    0x44  syscall.o [1]
  .text              ro code  0x08001d4c    0x74  diskio.o [1]
  .text              ro code  0x08001dc0    0x1c  fatfs.o [1]
  .text              ro code  0x08001ddc   0x190  cmsis_os.o [1]
  .text              ro code  0x08001f6c    0x44  ff_gen_drv.o [1]
  .text              ro code  0x08001fb0   0x710  tasks.o [1]
  .text              ro code  0x080026c0   0x510  queue.o [1]
  .text              ro code  0x08002bd0   0x178  port.o [1]
  CODE               ro code  0x08002d48    0x94  portasm.o [1]
  .text              ro code  0x08002ddc   0x190  heap_4.o [1]
  .text              ro code  0x08002f6c    0x8e  list.o [1]
  .text              ro code  0x08002ffc    0xa6  ABImemcpy.o [4]
  .text              ro code  0x080030a4   0x6ec  freertos.o [1]
  .text              ro code  0x08003790    0xd8  main.o [1]
  .text              ro code  0x08003868     0x6  ABImemclr4.o [4]
  .text              ro code  0x08003870   0x374  SEGGER_RTT_printf.o [1]
  .text              ro code  0x08003be4    0x24  stm32f1xx_hal.o [1]
  .text              ro code  0x08003c08    0x68  gpio.o [1]
  .text              ro code  0x08003c70    0xd0  adc.o [1]
  .text              ro code  0x08003d40    0xf4  rtc.o [1]
  .text              ro code  0x08003e34    0xdc  spi.o [1]
  .text              ro code  0x08003f10    0xd4  usart.o [1]
  .text              ro code  0x08003fe4   0x4d6  stm32f1xx_hal_rcc.o [1]
  .text              ro code  0x080044bc   0x192  stm32f1xx_hal_rcc_ex.o [1]
  .text              ro code  0x08004650    0xdc  stm32f1xx_hal_cortex.o [1]
  .text              ro code  0x0800472c    0x32  ABImemset48.o [4]
  .text              ro code  0x08004760   0x1b0  SEGGER_RTT.o [1]
  .text              ro code  0x08004910    0x24  stm32f1xx_hal.o [1]
  .text              ro code  0x08004934    0x98  stm32f1xx_hal_msp.o [1]
  .text              ro code  0x080049cc   0x1bc  stm32f1xx_hal_gpio.o [1]
  .text              ro code  0x08004b88   0x33c  stm32f1xx_hal_adc.o [1]
  .text              ro code  0x08004ec4   0x380  stm32f1xx_hal_rtc.o [1]
  .text              ro code  0x08005244    0x1c  stm32f1xx_hal_rtc_ex.o [1]
  .text              ro code  0x08005260    0x10  stm32f1xx_hal_pwr.o [1]
  .text              ro code  0x08005270    0x88  stm32f1xx_hal_spi_ex.o [1]
  .text              ro code  0x080052f8   0x324  stm32f1xx_hal_uart.o [1]
  .text              ro code  0x0800561c     0xc  stm32f1xx_hal.o [1]
  .text              ro code  0x08005628    0x18  stm32f1xx_hal.o [1]
  .text              ro code  0x08005640     0x2  stm32f1xx_hal_adc.o [1]
  .text              ro code  0x08005644     0x2  stm32f1xx_hal_adc_ex.o [1]
  .text              ro code  0x08005646     0x2  stm32f1xx_hal_adc.o [1]
  .text              ro code  0x08005648     0x2  stm32f1xx_hal_uart.o [1]
  .text              ro code  0x0800564a     0x2  stm32f1xx_hal_uart.o [1]
  .text              ro code  0x0800564c     0x2  stm32f1xx_hal_uart.o [1]
  .text              ro code  0x08005650   0x422  stm32f1xx_hal_spi.o [1]
  .text              ro code  0x08005a72     0x2  stm32f1xx_hal_spi.o [1]
  .text              ro code  0x08005a74   0x15c  FLASH_W25QXX.o [1]
  .text              ro code  0x08005bd0    0xa8  stm32_mini_board.o [1]
  .text              ro code  0x08005c78    0x5c  system_stm32f1xx.o [1]
  .text              ro code  0x08005cd4    0x40  zero_init3.o [4]
  .text              ro code  0x08005d14    0x3c  stm32f1xx_it.o [1]
  .text              ro code  0x08005d50    0x10  stm32f1xx_hal.o [1]
  .text              ro code  0x08005d60    0x2c  user_diskio.o [1]
  .text              ro code  0x08005d8c    0x2c  copy_init3.o [4]
  .text              ro code  0x08005db8    0x28  data_init.o [4]
  Initializer bytes  const    0x08005de0    0x28  <for P2-1>
  .iar.init_table    const    0x08005e08    0x24  - Linker created -
  .text              ro code  0x08005e2c    0x1a  cmain.o [4]
  .text              ro code  0x08005e46     0x4  low_level_init.o [3]
  .text              ro code  0x08005e4a     0x4  exit.o [3]
  .text              ro code  0x08005e50     0xa  cexit.o [4]
  .text              ro code  0x08005e5c    0x14  exit.o [5]
  .text              ro code  0x08005e70    0x10  startup_stm32f103xb.o [1]
  .rodata            const    0x08005e80     0xc  freertos.o [1]
  .text              ro code  0x08005e8c     0xc  cstartup_M.o [4]
  .rodata            const    0x08005e98     0x8  system_stm32f1xx.o [1]
  .text              ro code  0x08005ea0     0x4  startup_stm32f103xb.o [1]
  .text              ro code  0x08005ea4     0x4  startup_stm32f103xb.o [1]
  .text              ro code  0x08005ea8     0x4  startup_stm32f103xb.o [1]
  .text              ro code  0x08005eac     0x4  startup_stm32f103xb.o [1]
  .text              ro code  0x08005eb0     0x4  startup_stm32f103xb.o [1]
  .text              ro code  0x08005eb4     0x4  startup_stm32f103xb.o [1]
  .text              ro code  0x08005eb8     0x4  startup_stm32f103xb.o [1]
  .text              ro code  0x08005ebc     0x4  startup_stm32f103xb.o [1]
  .text              ro code  0x08005ec0     0x4  startup_stm32f103xb.o [1]
  .text              ro code  0x08005ec4     0x4  startup_stm32f103xb.o [1]
  .text              ro code  0x08005ec8     0x4  startup_stm32f103xb.o [1]
  .text              ro code  0x08005ecc     0x4  startup_stm32f103xb.o [1]
  .text              ro code  0x08005ed0     0x4  startup_stm32f103xb.o [1]
  .text              ro code  0x08005ed4     0x4  startup_stm32f103xb.o [1]
  .text              ro code  0x08005ed8     0x4  startup_stm32f103xb.o [1]
  .text              ro code  0x08005edc     0x4  startup_stm32f103xb.o [1]
  .text              ro code  0x08005ee0     0x4  startup_stm32f103xb.o [1]
  .text              ro code  0x08005ee4     0x4  startup_stm32f103xb.o [1]
  .text              ro code  0x08005ee8     0x4  startup_stm32f103xb.o [1]
  .text              ro code  0x08005eec     0x4  startup_stm32f103xb.o [1]
  .text              ro code  0x08005ef0     0x4  startup_stm32f103xb.o [1]
  .text              ro code  0x08005ef4     0x4  startup_stm32f103xb.o [1]
  .text              ro code  0x08005ef8     0x4  startup_stm32f103xb.o [1]
  .text              ro code  0x08005efc     0x4  startup_stm32f103xb.o [1]
  .text              ro code  0x08005f00     0x4  startup_stm32f103xb.o [1]
  .text              ro code  0x08005f04     0x4  startup_stm32f103xb.o [1]
  .text              ro code  0x08005f08     0x4  startup_stm32f103xb.o [1]
  .text              ro code  0x08005f0c     0x4  startup_stm32f103xb.o [1]
  .text              ro code  0x08005f10     0x4  startup_stm32f103xb.o [1]
  .text              ro code  0x08005f14     0x4  startup_stm32f103xb.o [1]
  .text              ro code  0x08005f18     0x4  startup_stm32f103xb.o [1]
  .text              ro code  0x08005f1c     0x4  startup_stm32f103xb.o [1]
  .text              ro code  0x08005f20     0x4  startup_stm32f103xb.o [1]
  .text              ro code  0x08005f24     0x4  startup_stm32f103xb.o [1]
  .text              ro code  0x08005f28     0x4  startup_stm32f103xb.o [1]
  .text              ro code  0x08005f2c     0x4  startup_stm32f103xb.o [1]
  .text              ro code  0x08005f30     0x4  startup_stm32f103xb.o [1]
  .text              ro code  0x08005f34     0x4  startup_stm32f103xb.o [1]
  .text              ro code  0x08005f38     0x4  startup_stm32f103xb.o [1]
  .rodata            const    0x08005f3c     0x0  zero_init3.o [4]
  .rodata            const    0x08005f3c     0x0  copy_init3.o [4]
                            - 0x08005f3c  0x5e50

"P2", part 1 of 3:                          0x28
  P2-1                        0x20000000    0x25  <Init block>
    .data            inited   0x20000000     0xc  port.o [1]
    .data            inited   0x2000000c     0x4  system_stm32f1xx.o [1]
    .data            inited   0x20000010    0x14  user_diskio.o [1]
    .data            inited   0x20000024     0x1  user_diskio.o [1]
                            - 0x20000025    0x25

"P2", part 2 of 3:                         0x400
  CSTACK                      0x20000028   0x400  <Block>
    CSTACK           uninit   0x20000028   0x400  <Block tail>
                            - 0x20000428   0x400

"P2", part 3 of 3:                        0x4784
  .bss               zero     0x20000428  0x2060  freertos.o [1]
  .bss               zero     0x20002488  0x2018  heap_4.o [1]
  .bss               zero     0x200044a0   0x488  SEGGER_RTT.o [1]
  .bss               zero     0x20004928    0x9c  tasks.o [1]
  .bss               zero     0x200049c4    0x8c  tasks.o [1]
  .bss               zero     0x20004a50    0x58  spi.o [1]
  .bss               zero     0x20004aa8    0x40  queue.o [1]
  .bss               zero     0x20004ae8    0x40  usart.o [1]
  .bss               zero     0x20004b28    0x30  adc.o [1]
  .bss               zero     0x20004b58    0x18  ff.o [1]
  .bss               zero     0x20004b70    0x14  rtc.o [1]
  .bss               zero     0x20004b84     0xc  ff_gen_drv.o [1]
  .bss               zero     0x20004b90     0x8  fatfs.o [1]
  .bss               zero     0x20004b98     0x8  ff.o [1]
  .bss               zero     0x20004ba0     0x4  freertos.o [1]
  .bss               zero     0x20004ba4     0x4  stm32f1xx_hal.o [1]
  .bss               zero     0x20004ba8     0x1  stm32f1xx_hal_spi_ex.o [1]
                            - 0x20004ba9  0x4781


*******************************************************************************
*** INIT TABLE
***

          Address     Size
          -------     ----
Zero (__iar_zero_init3)
    1 destination range, total size 0x4781:
          0x20000428  0x4781

Copy (__iar_copy_init3)
    1 source range, total size 0x28 (108% of destination):
          0x08005de0    0x28
    1 destination range, total size 0x25:
          0x20000000    0x25



*******************************************************************************
*** MODULE SUMMARY
***

    Module                  ro code  ro data  rw data
    ------                  -------  -------  -------
D:\360download\w25q32\w25q32\EWARM\w25q32\Obj: [1]
    FLASH_W25QXX.o              348
    SEGGER_RTT.o                432             1 160
    SEGGER_RTT_printf.o         884
    adc.o                       208                48
    cmsis_os.o                  400
    diskio.o                    116
    fatfs.o                      28                 8
    ff.o                      7 092                32
    ff_gen_drv.o                 68                12
    freertos.o                1 772       12    8 292
    gpio.o                      104
    heap_4.o                    400             8 216
    list.o                      142
    main.o                      216
    port.o                      376       12       12
    portasm.o                   148
    queue.o                   1 296                64
    rtc.o                       244                20
    spi.o                       220                88
    startup_stm32f103xb.o       408
    stm32_mini_board.o          168
    stm32f1xx_hal.o             124                 4
    stm32f1xx_hal_adc.o         832
    stm32f1xx_hal_adc_ex.o        2
    stm32f1xx_hal_cortex.o      220
    stm32f1xx_hal_gpio.o        444
    stm32f1xx_hal_msp.o         152
    stm32f1xx_hal_pwr.o          16
    stm32f1xx_hal_rcc.o       1 238
    stm32f1xx_hal_rcc_ex.o      402
    stm32f1xx_hal_rtc.o         896
    stm32f1xx_hal_rtc_ex.o       28
    stm32f1xx_hal_spi.o       1 060
    stm32f1xx_hal_spi_ex.o      136                 1
    stm32f1xx_hal_uart.o        810
    stm32f1xx_it.o               60
    syscall.o                    68
    system_stm32f1xx.o           92       12        4
    tasks.o                   1 808               296
    usart.o                     212                64
    user_diskio.o                44       21       21
    -------------------------------------------------
    Total:                   23 714       57   18 342

command line: [2]
    -------------------------------------------------
    Total:

dl7M_tlf.a: [3]
    exit.o                        4
    low_level_init.o              4
    -------------------------------------------------
    Total:                        8

rt7M_tl.a: [4]
    ABImemclr4.o                  6
    ABImemcpy.o                 166
    ABImemset.o                 102
    ABImemset48.o                50
    cexit.o                      10
    cmain.o                      26
    copy_init3.o                 44
    cstartup_M.o                 12
    data_init.o                  40
    zero_init3.o                 64
    -------------------------------------------------
    Total:                      520

shb_l.a: [5]
    exit.o                       20
    -------------------------------------------------
    Total:                       20

    Gaps                         22
    Linker created                        39    1 024
-----------------------------------------------------
    Grand Total:             24 284       96   19 366


*******************************************************************************
*** ENTRY LIST
***

Entry                      Address    Size  Type      Object
-----                      -------    ----  ----      ------
.iar.init_table$$Base   0x08005e08           --   Gb  - Linker created -
.iar.init_table$$Limit  0x08005e2c           --   Gb  - Linker created -
?main                   0x08005e2d          Code  Gb  cmain.o [4]
ADC1_2_IRQHandler       0x08005d31     0x6  Code  Gb  stm32f1xx_it.o [1]
ADC_ConversionStop_Disable
                        0x08004e81    0x44  Code  Gb  stm32f1xx_hal_adc.o [1]
AHBPrescTable           0x08005cc4    0x10  Data  Gb  system_stm32f1xx.o [1]
APBPrescTable           0x08005e98     0x8  Data  Gb  system_stm32f1xx.o [1]
APP_TIMESTAMP           0x08003847     0x4  Code  Gb  main.o [1]
BSP_SPI_TRANS_RECV      0x08005c3f    0x22  Code  Gb  stm32_mini_board.o [1]
BSP_W25Q32_CS_HIGH      0x08005c65     0x2  Code  Gb  stm32_mini_board.o [1]
BSP_W25Q32_CS_LOW       0x08005c61     0x4  Code  Gb  stm32_mini_board.o [1]
BSP_W25Q32_Init         0x08005bd1     0xa  Code  Gb  stm32_mini_board.o [1]
BSP_W25Q32_Ioctl        0x08005bdb    0x2a  Code  Gb  stm32_mini_board.o [1]
BSP_W25Q32_Sector_Program
                        0x08005c25    0x1a  Code  Gb  stm32_mini_board.o [1]
BSP_W25Q32_Sector_Read  0x08005c05    0x20  Code  Gb  stm32_mini_board.o [1]
BusFault_Handler        0x08005d1b     0x2  Code  Gb  stm32f1xx_it.o [1]
CSTACK$$Base            0x20000028           --   Gb  - Linker created -
CSTACK$$Limit           0x20000428           --   Gb  - Linker created -
DebugMon_Handler        0x08005d1f     0x2  Code  Gb  stm32f1xx_it.o [1]
ExCvt                   0x08000a9c    0x80  Data  Lc  ff.o [1]
FATFS_LinkDriver        0x08001fa7     0x4  Code  Gb  ff_gen_drv.o [1]
FATFS_LinkDriverEx      0x08001f6d    0x3a  Code  Gb  ff_gen_drv.o [1]
FLASH_W25QXX_Get_Busy_Status
                        0x08005a9f     0xe  Code  Gb  FLASH_W25QXX.o [1]
FLASH_W25QXX_Get_Status_Register
                        0x08005a75    0x2a  Code  Gb  FLASH_W25QXX.o [1]
FLASH_W25QXX_Page_Program
                        0x08005b57    0x34  Code  Gb  FLASH_W25QXX.o [1]
FLASH_W25QXX_Read_Data_Block
                        0x08005ad9    0x42  Code  Gb  FLASH_W25QXX.o [1]
FLASH_W25QXX_Sector_Erase_4kb
                        0x08005b1b    0x18  Code  Gb  FLASH_W25QXX.o [1]
FLASH_W25QXX_Sector_Program
                        0x08005b93    0x3e  Code  Gb  FLASH_W25QXX.o [1]
FLASH_W25QXX_Write_Enable
                        0x08005aad    0x12  Code  Gb  FLASH_W25QXX.o [1]
FatFs                   0x20004b9c     0x4  Data  Lc  ff.o [1]
Files                   0x20004b58    0x18  Data  Lc  ff.o [1]
Fsid                    0x20004b98     0x2  Data  Lc  ff.o [1]
HAL_ADCEx_InjectedConvCpltCallback
                        0x08005645     0x2  Code  Wk  stm32f1xx_hal_adc_ex.o [1]
HAL_ADC_ConfigChannel   0x08004d6d    0xe4  Code  Gb  stm32f1xx_hal_adc.o [1]
HAL_ADC_IRQHandler      0x08004c7d    0xd8  Code  Gb  stm32f1xx_hal_adc.o [1]
HAL_ADC_Init            0x08004b89    0xf4  Code  Gb  stm32f1xx_hal_adc.o [1]
HAL_ADC_MspInit         0x08003cc1    0x46  Code  Gb  adc.o [1]
HAL_Delay               0x08005629    0x18  Code  Wk  stm32f1xx_hal.o [1]
HAL_GPIO_Init           0x080049cd   0x17e  Code  Gb  stm32f1xx_hal_gpio.o [1]
HAL_GPIO_WritePin       0x08004b4b     0x8  Code  Gb  stm32f1xx_hal_gpio.o [1]
HAL_GetTick             0x0800561d     0xc  Code  Wk  stm32f1xx_hal.o [1]
HAL_IncTick             0x08005d51    0x10  Code  Wk  stm32f1xx_hal.o [1]
HAL_Init                0x08003be5    0x20  Code  Gb  stm32f1xx_hal.o [1]
HAL_InitTick            0x08004911    0x24  Code  Wk  stm32f1xx_hal.o [1]
HAL_MspInit             0x08004935    0x98  Code  Gb  stm32f1xx_hal_msp.o [1]
HAL_NVIC_EnableIRQ      0x080046bf     0xa  Code  Gb  stm32f1xx_hal_cortex.o [1]
HAL_NVIC_SetPriority    0x08004685    0x3a  Code  Gb  stm32f1xx_hal_cortex.o [1]
HAL_NVIC_SetPriorityGrouping
                        0x0800466b    0x1a  Code  Gb  stm32f1xx_hal_cortex.o [1]
HAL_PWR_EnableBkUpAccess
                        0x08005261     0x4  Code  Gb  stm32f1xx_hal_pwr.o [1]
HAL_RCCEx_GetPeriphCLKFreq
                        0x0800457b    0xaa  Code  Gb  stm32f1xx_hal_rcc_ex.o [1]
HAL_RCCEx_GetPeriphCLKFreq::aPLLMULFactorTable
                        0x0800463c    0x10  Data  Lc  stm32f1xx_hal_rcc_ex.o [1]
HAL_RCCEx_GetPeriphCLKFreq::aPredivFactorTable
                        0x0800464c     0x2  Data  Lc  stm32f1xx_hal_rcc_ex.o [1]
HAL_RCCEx_PeriphCLKConfig
                        0x080044bd    0xbe  Code  Gb  stm32f1xx_hal_rcc_ex.o [1]
HAL_RCC_ClockConfig     0x080042e3   0x10c  Code  Gb  stm32f1xx_hal_rcc.o [1]
HAL_RCC_GetHCLKFreq     0x08004451     0x6  Code  Gb  stm32f1xx_hal_rcc.o [1]
HAL_RCC_GetPCLK1Freq    0x08004457    0x10  Code  Gb  stm32f1xx_hal_rcc.o [1]
HAL_RCC_GetPCLK2Freq    0x08004467     0xe  Code  Gb  stm32f1xx_hal_rcc.o [1]
HAL_RCC_GetSysClockFreq
                        0x08004417    0x3a  Code  Gb  stm32f1xx_hal_rcc.o [1]
HAL_RCC_GetSysClockFreq::aPLLMULFactorTable
                        0x080044a8    0x10  Data  Lc  stm32f1xx_hal_rcc.o [1]
HAL_RCC_GetSysClockFreq::aPredivFactorTable
                        0x080044b8     0x2  Data  Lc  stm32f1xx_hal_rcc.o [1]
HAL_RCC_OscConfig       0x08003fe5   0x2d8  Code  Gb  stm32f1xx_hal_rcc.o [1]
HAL_RTCEx_BKUPRead      0x08005251     0xc  Code  Gb  stm32f1xx_hal_rtc_ex.o [1]
HAL_RTCEx_BKUPWrite     0x08005245     0xc  Code  Gb  stm32f1xx_hal_rtc_ex.o [1]
HAL_RTC_Init            0x08004ec5    0x98  Code  Gb  stm32f1xx_hal_rtc.o [1]
HAL_RTC_MspInit         0x08003dd1    0x2c  Code  Gb  rtc.o [1]
HAL_RTC_SetDate         0x08005003    0xb4  Code  Gb  stm32f1xx_hal_rtc.o [1]
HAL_RTC_SetTime         0x08004f5d    0x96  Code  Gb  stm32f1xx_hal_rtc.o [1]
HAL_RTC_WaitForSynchro  0x080050d1    0x2e  Code  Gb  stm32f1xx_hal_rtc.o [1]
HAL_SPI_IRQHandler      0x08005919    0xa6  Code  Gb  stm32f1xx_hal_spi.o [1]
HAL_SPI_Init            0x08005271    0x84  Code  Gb  stm32f1xx_hal_spi_ex.o [1]
HAL_SPI_MspInit         0x08003e79    0x5e  Code  Gb  spi.o [1]
HAL_SPI_TransmitReceive
                        0x0800565b   0x1da  Code  Gb  stm32f1xx_hal_spi.o [1]
HAL_SYSTICK_CLKSourceConfig
                        0x080046fb    0x1a  Code  Gb  stm32f1xx_hal_cortex.o [1]
HAL_SYSTICK_Config      0x080046d3    0x28  Code  Gb  stm32f1xx_hal_cortex.o [1]
HAL_UART_IRQHandler     0x08005369   0x120  Code  Gb  stm32f1xx_hal_uart.o [1]
HAL_UART_Init           0x080052f9    0x20  Code  Gb  stm32f1xx_hal_uart.o [1]
HAL_UART_MspInit        0x08003f47    0x62  Code  Gb  usart.o [1]
HardFault_Handler       0x08005d17     0x2  Code  Gb  stm32f1xx_it.o [1]
MX_ADC1_Init            0x08003c71    0x50  Code  Gb  adc.o [1]
MX_FATFS_Init           0x08001dc1    0x10  Code  Gb  fatfs.o [1]
MX_FREERTOS_Init        0x080030a5    0x20  Code  Gb  freertos.o [1]
MX_GPIO_Init            0x08003c09    0x68  Code  Gb  gpio.o [1]
MX_RTC_Init             0x08003d41    0x90  Code  Gb  rtc.o [1]
MX_SPI1_Init            0x08003e35    0x44  Code  Gb  spi.o [1]
MX_USART1_UART_Init     0x08003f11    0x36  Code  Gb  usart.o [1]
MemManage_Handler       0x08005d19     0x2  Code  Gb  stm32f1xx_it.o [1]
NMI_Handler             0x08005d15     0x2  Code  Gb  stm32f1xx_it.o [1]
NVIC_SetPriority        0x08004651    0x1a  Code  Lc  stm32f1xx_hal_cortex.o [1]
PendSV_Handler          0x08002d49          Code  Gb  portasm.o [1]
RCC_IRQHandler          0x08005d2f     0x2  Code  Gb  stm32f1xx_it.o [1]
RTC_EnterInitMode       0x08005185    0x2c  Code  Lc  stm32f1xx_hal_rtc.o [1]
RTC_ExitInitMode        0x080051bb    0x2e  Code  Lc  stm32f1xx_hal_rtc.o [1]
RTC_ReadAlarmCounter    0x08005151    0x10  Code  Lc  stm32f1xx_hal_rtc.o [1]
RTC_ReadTimeCounter     0x0800510b    0x22  Code  Lc  stm32f1xx_hal_rtc.o [1]
RTC_WeekDayNum          0x080051e9    0x44  Code  Lc  stm32f1xx_hal_rtc.o [1]
RTC_WriteAlarmCounter   0x08005161    0x24  Code  Lc  stm32f1xx_hal_rtc.o [1]
RTC_WriteTimeCounter    0x0800512d    0x24  Code  Lc  stm32f1xx_hal_rtc.o [1]
Region$$Table$$Base     0x08005e08           --   Gb  - Linker created -
Region$$Table$$Limit    0x08005e2c           --   Gb  - Linker created -
SDFatFs                 0x20001454  0x1034  Data  Gb  freertos.o [1]
SEGGER_RTT_CRITICAL_REGION_ENTER
                        0x0800384b     0xe  Code  Gb  main.o [1]
SEGGER_RTT_CRITICAL_REGION_EXIT
                        0x08003859     0xe  Code  Gb  main.o [1]
SEGGER_RTT_Write        0x080048b9    0x22  Code  Gb  SEGGER_RTT.o [1]
SEGGER_RTT_WriteNoLock  0x0800485d    0x4c  Code  Gb  SEGGER_RTT.o [1]
SEGGER_RTT_printf       0x08003bbf    0x14  Code  Gb  SEGGER_RTT_printf.o [1]
SEGGER_RTT_vprintf      0x08003a41   0x16e  Code  Gb  SEGGER_RTT_printf.o [1]
SPI1_IRQHandler         0x08005d37     0x6  Code  Gb  stm32f1xx_it.o [1]
SPI_WaitOnFlagUntilTimeout
                        0x080059df    0x94  Code  Lc  stm32f1xx_hal_spi.o [1]
SVC_Handler             0x08002d9b          Code  Gb  portasm.o [1]
StartDefaultTask        0x080030c5   0x1c4  Code  Gb  freertos.o [1]
StartDefaultTask::__func__
                        0x080032ac    0x14  Data  Lc  freertos.o [1]
Stat                    0x20000024     0x1  Data  Lc  user_diskio.o [1]
SysTick_Handler         0x08005d21     0xe  Code  Gb  stm32f1xx_it.o [1]
SystemClock_Config      0x080037b9    0x8e  Code  Gb  main.o [1]
SystemCoreClock         0x2000000c     0x4  Data  Gb  system_stm32f1xx.o [1]
SystemInit              0x08005c79    0x3a  Code  Gb  system_stm32f1xx.o [1]
UART_Receive_IT         0x08005489    0xaa  Code  Lc  stm32f1xx_hal_uart.o [1]
UART_SetConfig          0x08005533    0xde  Code  Lc  stm32f1xx_hal_uart.o [1]
USART1_IRQHandler       0x08005d3d     0x6  Code  Gb  stm32f1xx_it.o [1]
USER_Driver             0x20000010    0x14  Data  Gb  user_diskio.o [1]
USER_Path               0x20004b94     0x4  Data  Gb  fatfs.o [1]
USER_initialize         0x08005d61    0x14  Code  Gb  user_diskio.o [1]
USER_ioctl              0x08005d89     0x4  Code  Gb  user_diskio.o [1]
USER_read               0x08005d81     0x4  Code  Gb  user_diskio.o [1]
USER_status             0x08005d75     0x6  Code  Gb  user_diskio.o [1]
USER_write              0x08005d85     0x4  Code  Gb  user_diskio.o [1]
UsageFault_Handler      0x08005d1d     0x2  Code  Gb  stm32f1xx_it.o [1]
_DoInit                 0x08004761    0x54  Code  Lc  SEGGER_RTT.o [1]
_Error_Handler          0x08003867     0x2  Code  Gb  main.o [1]
_GetAvailWriteSpace     0x08004843    0x1a  Code  Lc  SEGGER_RTT.o [1]
_PrintInt               0x08003979    0xc8  Code  Lc  SEGGER_RTT_printf.o [1]
_PrintUnsigned          0x080038af    0xca  Code  Lc  SEGGER_RTT_printf.o [1]
_PrintUnsigned::_aV2C   0x08003bd4    0x10  Data  Lc  SEGGER_RTT_printf.o [1]
_SEGGER_RTT             0x200044a0    0x78  Data  Gb  SEGGER_RTT.o [1]
_StoreChar              0x08003871    0x3e  Code  Lc  SEGGER_RTT_printf.o [1]
_WriteBlocking          0x080047b5    0x54  Code  Lc  SEGGER_RTT.o [1]
_WriteNoCheck           0x08004809    0x3a  Code  Lc  SEGGER_RTT.o [1]
__aeabi_memclr4         0x08003869          Code  Gb  ABImemclr4.o [4]
__aeabi_memcpy          0x08002ffd          Code  Gb  ABImemcpy.o [4]
__aeabi_memcpy4         0x0800301d          Code  Gb  ABImemcpy.o [4]
__aeabi_memcpy8         0x0800301d          Code  Gb  ABImemcpy.o [4]
__aeabi_memset          0x08001ca1          Code  Gb  ABImemset.o [4]
__cmain                 0x08005e2d          Code  Gb  cmain.o [4]
__exit                  0x08005e5d    0x14  Code  Gb  exit.o [5]
__iar_Memset            0x08001ca1          Code  Gb  ABImemset.o [4]
__iar_Memset4_word      0x0800472d          Code  Gb  ABImemset48.o [4]
__iar_Memset8_word      0x0800472d          Code  Gb  ABImemset48.o [4]
__iar_Memset_word       0x08001ca9          Code  Gb  ABImemset.o [4]
__iar_copy_init3        0x08005d8d    0x2c  Code  Gb  copy_init3.o [4]
__iar_data_init3        0x08005db9    0x28  Code  Gb  data_init.o [4]
__iar_program_start     0x08005e8d          Code  Gb  cstartup_M.o [4]
__iar_systems$$module {Abs}
                        0x00000001          Data  Gb  command line/config [2]
__iar_zero_init3        0x08005cd5    0x40  Code  Gb  zero_init3.o [4]
__low_level_init        0x08005e47     0x4  Code  Gb  low_level_init.o [3]
__vector_table          0x08000000          Data  Gb  startup_stm32f103xb.o [1]
_acDownBuffer           0x20004918    0x10  Data  Lc  SEGGER_RTT.o [1]
_acUpBuffer             0x20004518   0x400  Data  Lc  SEGGER_RTT.o [1]
_call_main              0x08005e39          Code  Gb  cmain.o [4]
_exit                   0x08005e51          Code  Gb  cexit.o [4]
_main                   0x08005e43          Code  Gb  cmain.o [4]
check_fs                0x08000c11    0x6c  Code  Lc  ff.o [1]
chk_lock                0x08000137    0x64  Code  Lc  ff.o [1]
clear_lock              0x08000253    0x1e  Code  Lc  ff.o [1]
clmt_clust              0x080006e5    0x36  Code  Lc  ff.o [1]
clust2sect              0x080003ab    0x26  Code  Gb  ff.o [1]
create_chain            0x0800062f    0xb6  Code  Lc  ff.o [1]
create_name             0x0800097b   0x110  Code  Lc  ff.o [1]
dec_lock                0x0800021b    0x38  Code  Lc  ff.o [1]
defaultTaskHandle       0x20004ba0     0x4  Data  Gb  freertos.o [1]
dir_next                0x080007b7   0x116  Code  Lc  ff.o [1]
dir_register            0x08000901    0x72  Code  Lc  ff.o [1]
dir_sdi                 0x0800071b    0x9c  Code  Lc  ff.o [1]
disk                    0x20004b84     0xc  Data  Gb  ff_gen_drv.o [1]
disk_initialize         0x08001d5f    0x1e  Code  Gb  diskio.o [1]
disk_ioctl              0x08001da5    0x18  Code  Gb  diskio.o [1]
disk_read               0x08001d7d     0xc  Code  Gb  diskio.o [1]
disk_status             0x08001d4d    0x12  Code  Gb  diskio.o [1]
disk_write              0x08001d89     0xc  Code  Gb  diskio.o [1]
exit                    0x08005e4b     0x4  Code  Gb  exit.o [3]
f_close                 0x08001645    0x38  Code  Gb  ff.o [1]
f_mkfs                  0x080016d1   0x522  Code  Gb  ff.o [1]
f_mkfs::cst             0x08001c88    0x18  Data  Lc  ff.o [1]
f_mkfs::vst             0x08001c70    0x18  Data  Lc  ff.o [1]
f_mount                 0x08000fb5    0x8e  Code  Gb  ff.o [1]
f_open                  0x08001043   0x1b0  Code  Gb  ff.o [1]
f_read                  0x08001209   0x19a  Code  Gb  ff.o [1]
f_sync                  0x08001589    0xb4  Code  Gb  ff.o [1]
f_write                 0x080013b5   0x1ae  Code  Gb  ff.o [1]
ff_cre_syncobj          0x08001d09    0x1e  Code  Gb  syscall.o [1]
ff_del_syncobj          0x08001d27     0xa  Code  Gb  syscall.o [1]
ff_rel_grant            0x08001d45     0x4  Code  Gb  syscall.o [1]
ff_req_grant            0x08001d31    0x14  Code  Gb  syscall.o [1]
file_handle             0x20000428  0x102c  Data  Gb  freertos.o [1]
find_volume             0x08000c81   0x2f6  Code  Lc  ff.o [1]
follow_path             0x08000b1d    0xb2  Code  Lc  ff.o [1]
get_fat                 0x080003d1    0xd2  Code  Gb  ff.o [1]
get_fattime             0x08001dd9     0x4  Code  Gb  fatfs.o [1]
get_ldnumber            0x08000bcf    0x42  Code  Lc  ff.o [1]
hadc1                   0x20004b28    0x30  Data  Gb  adc.o [1]
hrtc                    0x20004b70    0x14  Data  Gb  rtc.o [1]
hspi1                   0x20004a50    0x58  Data  Gb  spi.o [1]
huart1                  0x20004ae8    0x40  Data  Gb  usart.o [1]
inHandlerMode           0x08001de9     0xc  Code  Lc  cmsis_os.o [1]
inc_lock                0x0800019b    0x80  Code  Lc  ff.o [1]
ld_clust                0x080008cd    0x22  Code  Lc  ff.o [1]
lock_fs                 0x0800010f     0xa  Code  Lc  ff.o [1]
main                    0x08003791    0x28  Code  Gb  main.o [1]
makeFreeRtosPriority    0x08001ddd     0xc  Code  Lc  cmsis_os.o [1]
mem_cpy                 0x080000ed    0x14  Code  Lc  ff.o [1]
mem_set                 0x08000101     0xe  Code  Lc  ff.o [1]
move_window             0x080002cd    0x3a  Code  Lc  ff.o [1]
osDelay                 0x08001e4d     0xe  Code  Gb  cmsis_os.o [1]
osKernelStart           0x08001df5     0xa  Code  Gb  cmsis_os.o [1]
osKernelSysTick         0x08001dff    0x18  Code  Gb  cmsis_os.o [1]
osSemaphoreCreate       0x08001e5b    0x26  Code  Gb  cmsis_os.o [1]
osSemaphoreDelete       0x08001f2f     0xc  Code  Gb  cmsis_os.o [1]
osSemaphoreRelease      0x08001eeb    0x30  Code  Gb  cmsis_os.o [1]
osSemaphoreWait         0x08001e81    0x3c  Code  Gb  cmsis_os.o [1]
osSystickHandler        0x08001f53    0x14  Code  Gb  cmsis_os.o [1]
osThreadCreate          0x08001e17    0x36  Code  Gb  cmsis_os.o [1]
prvAddCurrentTaskToDelayedList
                        0x0800251f    0x32  Code  Lc  tasks.o [1]
prvCopyDataFromQueue    0x08002b29    0x26  Code  Lc  queue.o [1]
prvCopyDataToQueue      0x08002abb    0x6e  Code  Lc  queue.o [1]
prvIdleTask             0x08002475    0x5a  Code  Lc  tasks.o [1]
prvInitialiseTCBVariables
                        0x080024cf    0x50  Code  Lc  tasks.o [1]
prvInsertBlockIntoFreeList
                        0x08002f1f    0x46  Code  Lc  heap_4.o [1]
prvResetNextTaskUnblockTime
                        0x08002551    0x1e  Code  Lc  tasks.o [1]
prvTaskExitError        0x08002bed    0x18  Code  Lc  port.o [1]
prvUnlockQueue          0x08002b4f    0x5c  Code  Lc  queue.o [1]
put_fat                 0x080004af    0xf8  Code  Gb  ff.o [1]
pvPortMalloc            0x08002ddd   0x100  Code  Gb  heap_4.o [1]
pvTaskIncrementMutexHeldCount
                        0x0800268b    0x12  Code  Gb  tasks.o [1]
pxCurrentTCB            0x20004950     0x4  Data  Gb  tasks.o [1]
pxDelayedTaskList       0x20004954     0x4  Data  Lc  tasks.o [1]
pxEnd                   0x20002490     0x4  Data  Lc  heap_4.o [1]
pxOverflowDelayedTaskList
                        0x20004958     0x4  Data  Lc  tasks.o [1]
pxPortInitialiseStack   0x08002bd1    0x1c  Code  Gb  port.o [1]
pxReadyTasksLists       0x200049c4    0x8c  Data  Lc  tasks.o [1]
remove_chain            0x080005bd    0x6c  Code  Lc  ff.o [1]
retUSER                 0x20004b90     0x1  Data  Gb  fatfs.o [1]
st_clust                0x080008ef    0x12  Code  Lc  ff.o [1]
sync_fs                 0x08000307    0xa4  Code  Lc  ff.o [1]
sync_window             0x08000271    0x50  Code  Lc  ff.o [1]
uCRCErrorWorkaroundCheck
                        0x20004ba8     0x1  Data  Gb  stm32f1xx_hal_spi_ex.o [1]
ucHeap                  0x200024a0  0x2000  Data  Lc  heap_4.o [1]
ucMaxSysCallPriority    0x20000000     0x1  Data  Lc  port.o [1]
ulMaxPRIGROUPValue      0x20000008     0x4  Data  Lc  port.o [1]
ulPortSetInterruptMask  0x08002d87          Code  Gb  portasm.o [1]
unlock_fs               0x08000119    0x1e  Code  Lc  ff.o [1]
uwTick                  0x20004ba4     0x4  Data  Lc  stm32f1xx_hal.o [1]
uxCriticalNesting       0x20000004     0x4  Data  Lc  port.o [1]
uxCurrentNumberOfTasks  0x20004974     0x4  Data  Lc  tasks.o [1]
uxListRemove            0x08002fd7    0x24  Code  Gb  list.o [1]
uxPendedTicks           0x20004984     0x4  Data  Lc  tasks.o [1]
uxSchedulerSuspended    0x20004998     0x4  Data  Lc  tasks.o [1]
uxTaskNumber            0x20004990     0x4  Data  Lc  tasks.o [1]
uxTasksDeleted          0x2000495c     0x4  Data  Lc  tasks.o [1]
uxTopReadyPriority      0x2000497c     0x4  Data  Lc  tasks.o [1]
vListInitialise         0x08002f6d    0x1a  Code  Gb  list.o [1]
vListInitialiseItem     0x08002f87     0x6  Code  Gb  list.o [1]
vListInsert             0x08002fa5    0x32  Code  Gb  list.o [1]
vListInsertEnd          0x08002f8d    0x18  Code  Gb  list.o [1]
vPortClearInterruptMask
                        0x08002d95          Code  Gb  portasm.o [1]
vPortEnterCritical      0x08002c7b    0x2a  Code  Gb  port.o [1]
vPortExitCritical       0x08002ca5    0x18  Code  Gb  port.o [1]
vPortFree               0x08002edd    0x42  Code  Gb  heap_4.o [1]
vPortStartFirstTask     0x08002dbb          Code  Gb  portasm.o [1]
vPortValidateInterruptPriority
                        0x08002cdd    0x32  Code  Gb  port.o [1]
vPortYield              0x08002c69    0x12  Code  Gb  port.o [1]
vQueueDelete            0x08002aa1    0x1a  Code  Gb  queue.o [1]
vQueueUnregisterQueue   0x08002bab    0x20  Code  Gb  queue.o [1]
vTaskDelay              0x080020d9    0x3c  Code  Gb  tasks.o [1]
vTaskMissedYield        0x0800246b     0xa  Code  Gb  tasks.o [1]
vTaskPlaceOnEventList   0x0800234d    0x26  Code  Gb  tasks.o [1]
vTaskPriorityInherit    0x08002587    0x76  Code  Gb  tasks.o [1]
vTaskSetTimeOutState    0x080023fd    0x18  Code  Gb  tasks.o [1]
vTaskStartScheduler     0x08002141    0x50  Code  Gb  tasks.o [1]
vTaskSuspendAll         0x08002191     0xc  Code  Gb  tasks.o [1]
vTaskSwitchContext      0x08002303    0x4a  Code  Gb  tasks.o [1]
validate                0x08000f77    0x3e  Code  Lc  ff.o [1]
xBlockAllocatedBit      0x2000249c     0x4  Data  Lc  heap_4.o [1]
xDelayedTaskList1       0x2000499c    0x14  Data  Lc  tasks.o [1]
xDelayedTaskList2       0x200049b0    0x14  Data  Lc  tasks.o [1]
xFreeBytesRemaining     0x20002494     0x4  Data  Lc  heap_4.o [1]
xMinimumEverFreeBytesRemaining
                        0x20002498     0x4  Data  Lc  heap_4.o [1]
xNextTaskUnblockTime    0x20004994     0x4  Data  Lc  tasks.o [1]
xNumOfOverflows         0x2000498c     0x4  Data  Lc  tasks.o [1]
xPendingReadyList       0x20004928    0x14  Data  Lc  tasks.o [1]
xPortStartScheduler     0x08002c05    0x64  Code  Gb  port.o [1]
xPortSysTickHandler     0x08002cbd    0x16  Code  Gb  port.o [1]
xQueueGenericCreate     0x08002729    0x46  Code  Gb  queue.o [1]
xQueueGenericReceive    0x080028f7   0x12a  Code  Gb  queue.o [1]
xQueueGenericReset      0x080026c1    0x68  Code  Gb  queue.o [1]
xQueueGenericSend       0x0800276f   0x10e  Code  Gb  queue.o [1]
xQueueGiveFromISR       0x0800287d    0x72  Code  Gb  queue.o [1]
xQueueReceiveFromISR    0x08002a2b    0x66  Code  Gb  queue.o [1]
xQueueRegistry          0x20004aa8    0x40  Data  Gb  queue.o [1]
xSchedulerRunning       0x20004980     0x4  Data  Lc  tasks.o [1]
xStart                  0x20002488     0x8  Data  Lc  heap_4.o [1]
xSuspendedTaskList      0x20004960    0x14  Data  Lc  tasks.o [1]
xTaskCheckForTimeOut    0x08002415    0x4e  Code  Gb  tasks.o [1]
xTaskGenericCreate      0x08001fb1   0x128  Code  Gb  tasks.o [1]
xTaskGetSchedulerState  0x0800256f    0x18  Code  Gb  tasks.o [1]
xTaskGetTickCount       0x0800222f     0x8  Code  Gb  tasks.o [1]
xTaskGetTickCountFromISR
                        0x08002237     0xe  Code  Gb  tasks.o [1]
xTaskIncrementTick      0x08002245    0xbe  Code  Gb  tasks.o [1]
xTaskPriorityDisinherit
                        0x08002603    0x78  Code  Gb  tasks.o [1]
xTaskRemoveFromEventList
                        0x080023a3    0x4c  Code  Gb  tasks.o [1]
xTaskResumeAll          0x0800219d    0x92  Code  Gb  tasks.o [1]
xTasksWaitingTermination
                        0x2000493c    0x14  Data  Lc  tasks.o [1]
xTickCount              0x20004978     0x4  Data  Lc  tasks.o [1]
xYieldPending           0x20004988     0x4  Data  Lc  tasks.o [1]


[1] = D:\360download\w25q32\w25q32\EWARM\w25q32\Obj
[2] = command line
[3] = dl7M_tlf.a
[4] = rt7M_tl.a
[5] = shb_l.a

  24 284 bytes of readonly  code memory
      96 bytes of readonly  data memory
  19 366 bytes of readwrite data memory

Errors: none
Warnings: none
